 dynamorio

 Timestamp is 616ce57c (Mon Oct 18 03:09:48 2021)

 Preferred load address is 71000000

 Start         Length     Name                   Class
 0001:00000000 000b22c1H .text$mn                CODE
 0002:00000000 00000210H .idata$5                DATA
 0002:00000210 0005ef60H .rdata                  DATA
 0002:0005f170 00006858H .edata                  DATA
 0002:000659c8 000001bcH .rdata$zzzdbg           DATA
 0002:00065b84 00000014H .idata$2                DATA
 0002:00065b98 00000014H .idata$3                DATA
 0002:00065bac 00000210H .idata$4                DATA
 0002:00065dbc 000009caH .idata$6                DATA
 0003:00000000 0000d000H .data                   DATA
 0003:0000d000 00030be8H .bss                    DATA
 0004:00000000 000008e0H .fspdata                DATA
 0005:00000000 00000204H .cspdata                DATA
 0006:00000000 000049d4H .nspdata                DATA
 0007:00000000 000000a0H .rsrc$01                DATA
 0007:000000a0 00003a68H .rsrc$02                DATA

  Address         Publics by Value              Rva+Base       Lib:Object

 0000:00000000       ___hybrid_code_map_count   00000000     <absolute>
 0000:00000000       ___volatile_metadata       00000000     <absolute>
 0000:00000000       ___safe_se_handler_table   00000000     <absolute>
 0000:00000000       ___safe_se_handler_count   00000000     <absolute>
 0000:00000000       ___guard_iat_count         00000000     <absolute>
 0000:00000000       ___hybrid_auxiliary_iat    00000000     <absolute>
 0000:00000000       ___guard_longjmp_table     00000000     <absolute>
 0000:00000000       ___guard_iat_table         00000000     <absolute>
 0000:00000000       ___guard_fids_table        00000000     <absolute>
 0000:00000000       ___guard_fids_count        00000000     <absolute>
 0000:00000000       ___enclave_config          00000000     <absolute>
 0000:00000000       ___dynamic_value_reloc_table 00000000     <absolute>
 0000:00000000       ___hybrid_code_map         00000000     <absolute>
 0000:00000000       ___guard_longjmp_count     00000000     <absolute>
 0000:00000100       ___guard_flags             00000100     <absolute>
 0001:00000250       _check_list_default_and_append 71001250 f   options.c.obj
 0001:00000cd0       _check_param_bounds        71001cd0 f   options.c.obj
 0001:00000d10       _d_r_parse_word            71001d10 f   options.c.obj
 0001:00000de0       _dr_get_integer_option     71001de0 f   options.c.obj
 0001:00000e80       _dr_get_string_option      71001e80 f   options.c.obj
 0001:00000f40       _get_dynamo_options_string 71001f40 f   options.c.obj
 0001:00001000       _get_pcache_dynamo_options_string 71002000 f   options.c.obj
 0001:000010f0       _get_process_options       710020f0 f   options.c.obj
 0001:000012b0       _has_pcache_dynamo_options 710022b0 f   options.c.obj
 0001:00001380       _os_normalized_sysnum      71002380 f i syscall.c.obj
 0001:00001380       _instr_from_noalloc        71002380 f i options.c.obj
 0001:00001390       _instr_get_next            71002390 f i options.c.obj
 0001:000013a0       _instr_get_next_app        710023a0 f i options.c.obj
 0001:000013d0       _instr_get_note            710023d0 f i options.c.obj
 0001:000013e0       _instr_get_prev            710023e0 f i options.c.obj
 0001:000013f0       _instr_get_prev_app        710023f0 f i options.c.obj
 0001:00001420       _instr_has_allocated_bits  71002420 f i options.c.obj
 0001:00001430       _instr_ok_to_mangle        71002430 f i options.c.obj
 0001:00001430       _instr_is_app              71002430 f i options.c.obj
 0001:00001440       _instr_is_meta             71002440 f i options.c.obj
 0001:00001450       _instr_needs_encoding      71002450 f i options.c.obj
 0001:00001460       _instr_num_dsts            71002460 f i options.c.obj
 0001:00001480       _instr_num_srcs            71002480 f i options.c.obj
 0001:000014a0       _instr_ok_to_emit          710024a0 f i options.c.obj
 0001:000014b0       _instr_operands_valid      710024b0 f i options.c.obj
 0001:000014c0       _instr_raw_bits_valid      710024c0 f i options.c.obj
 0001:000014d0       _instr_set_next            710024d0 f i options.c.obj
 0001:000014e0       _instr_set_note            710024e0 f i options.c.obj
 0001:000014f0       _instr_set_prev            710024f0 f i options.c.obj
 0001:00001500       _shared_library_error      71002500 f i os.c.obj
 0001:00001500       _opnd_create_null          71002500 f i options.c.obj
 0001:00001510       _opnd_create_pc            71002510 f i options.c.obj
 0001:00001520       _opnd_create_reg           71002520 f i options.c.obj
 0001:00001540       _opnd_create_reg_ex        71002540 f i options.c.obj
 0001:00001590       _opnd_create_reg_partial   71002590 f i options.c.obj
 0001:000015b0       _opnd_is_far_memory_reference 710025b0 f i opnd_shared.c.obj
 0001:000015b0       _opnd_is_far_base_disp     710025b0 f i options.c.obj
 0001:000015d0       _opnd_is_immed             710025d0 f i options.c.obj
 0001:000015f0       _opnd_is_instr             710025f0 f i options.c.obj
 0001:00001610       _opnd_is_near_base_disp    71002610 f i options.c.obj
 0001:00001630       _opnd_is_pc                71002630 f i options.c.obj
 0001:00001650       _options_exit              71002650 f   options.c.obj
 0001:00001660       _options_init              71002660 f   options.c.obj
 0001:000016c0       _options_make_writable     710026c0 f   options.c.obj
 0001:000016f0       _options_restore_readonly  710026f0 f   options.c.obj
 0001:00002930       _synchronize_dynamic_options 71003930 f   options.c.obj
 0001:00002be0       _create_callback_dcontext  71003be0 f   dynamo.c.obj
 0001:00002d80       _create_new_dynamo_context 71003d80 f   dynamo.c.obj
 0001:00002e50       _d_r_get_num_threads       71003e50 f   dynamo.c.obj
 0001:00002f10       _dr_app_cleanup            71003f10 f   dynamo.c.obj
 0001:00003010       _dr_app_setup              71004010 f   dynamo.c.obj
 0001:000030b0       _dr_app_setup_and_start    710040b0 f   dynamo.c.obj
 0001:000030d0       _dr_app_start_helper       710040d0 f   dynamo.c.obj
 0001:00003110       _native_module_init        71004110 f   native_pe.c.obj
 0001:00003110       _os_tls_init               71004110 f   os.c.obj
 0001:00003110       _dr_app_stop               71004110 f   dynamo.c.obj
 0001:00003110       _dr_request_synchronized_exit 71004110 f   instrument.c.obj
 0001:00003110       _instrlist_set_auto_predicate 71004110 f   instrlist.c.obj
 0001:00003110       _kernel32_redir_exit_proc  71004110 f   kernel32_proc.c.obj
 0001:00003110       _patch_stub                71004110 f   emit_utils.c.obj
 0001:00003110       _native_module_unhook      71004110 f   native_pe.c.obj
 0001:00003110       _os_process_under_dynamorio_complete 71004110 f   os.c.obj
 0001:00003110       _os_delete_memory_file     71004110 f   os.c.obj
 0001:00003110       _d_r_mutex_mark_as_app     71004110 f   utils.c.obj
 0001:00003110       _dr_log                    71004110 f   instrument.c.obj
 0001:00003110       _update_all_memory_areas   71004110 f   os.c.obj
 0001:00003110       _aslr_thread_init          71004110 f   aslr.c.obj
 0001:00003110       _all_memory_areas_unlock   71004110 f   os.c.obj
 0001:00003110       _d_r_loginst               71004110 f   instr_shared.c.obj
 0001:00003110       _loader_pre_client_thread_exit 71004110 f   loader.c.obj
 0001:00003110       _rpcrt4_redir_onload       71004110 f   rpcrt4_redir.c.obj
 0001:00003110       _check_for_run_once        71004110 f   inject_shared.c.obj
 0001:00003110       _all_memory_areas_lock     71004110 f   os.c.obj
 0001:00003110       _os_tls_exit               71004110 f   os.c.obj
 0001:00003110       _mangle_arch_init          71004110 f   mangle.c.obj
 0001:00003110       _d_r_logopnd               71004110 f   instr_shared.c.obj
 0001:00003110       _perscache_slow_exit       71004110 f   perscache.c.obj
 0001:00003110       _d_r_internal_error        71004110 f   drlibc:drlibc_notdr_error.c.obj
 0001:00003110       _loader_allow_unsafe_static_behavior 71004110 f   loader_shared.c.obj
 0001:00003110       _instrument_thread_exit    71004110 f   instrument.c.obj
 0001:00003110       _aslr_thread_exit          71004110 f   aslr.c.obj
 0001:00003110       _unpatch_stub              71004110 f   emit_utils.c.obj
 0001:00003110       _proc_set_num_simd_saved   71004110 f   proc.c.obj
 0001:00003110       _os_thread_init_finalize   71004110 f   os.c.obj
 0001:00003110       _callback_init             71004110 f   callback.c.obj
 0001:00003110       _synch_init                71004110 f   synch.c.obj
 0001:00003110       _monitor_thread_reset_init 71004110 f   monitor.c.obj
 0001:00003110       _advapi32_redir_onload     71004110 f   advapi32_redir.c.obj
 0001:00003110       _machine_cache_sync        71004110 f   proc.c.obj
 0001:00003110       _d_r_monitor_init          71004110 f   monitor.c.obj
 0001:00003110       _native_module_hook        71004110 f   native_pe.c.obj
 0001:00003110       _native_module_exit        71004110 f   native_pe.c.obj
 0001:00003120       _dr_app_stop_and_cleanup   71004120 f   dynamo.c.obj
 0001:00003130       _dr_app_stop_and_cleanup_with_stats 71004130 f   dynamo.c.obj
 0001:00003160       _dynamo_exit_post_detach   71004160 f   dynamo.c.obj
 0001:000031c0       _dynamo_other_thread_exit  710041c0 f   dynamo.c.obj
 0001:000034d0       _dynamo_process_exit       710044d0 f   dynamo.c.obj
 0001:00003860       _dynamo_process_exit_with_thread_info 71004860 f   dynamo.c.obj
 0001:00003870       _dynamo_shared_exit        71004870 f   dynamo.c.obj
 0001:00003b10       _dynamo_thread_exit        71004b10 f   dynamo.c.obj
 0001:00003e00       _dynamo_thread_exit_pre_client 71004e00 f   dynamo.c.obj
 0001:00003e30       _dynamo_thread_init        71004e30 f   dynamo.c.obj
 0001:00004320       _dynamo_thread_not_under_dynamo 71005320 f   dynamo.c.obj
 0001:00004340       _dynamo_thread_stack_free_and_exit 71005340 f   dynamo.c.obj
 0001:00004380       _dynamo_thread_under_dynamo 71005380 f   dynamo.c.obj
 0001:000043a0       _dynamorio_app_exit        710053a0 f   dynamo.c.obj
 0001:000043b0       _dynamorio_app_init        710053b0 f   dynamo.c.obj
 0001:00004490       _dynamorio_app_init_and_early_takeover 71005490 f   dynamo.c.obj
 0001:000044c0       _dynamorio_app_init_part_two_finalize 710054c0 f   dynamo.c.obj
 0001:00004850       _dynamorio_app_take_over_helper 71005850 f   dynamo.c.obj
 0001:000049d0       _dynamorio_earliest_init_takeover_C 710059d0 f   dynamo.c.obj
 0001:00004a10       _dynamorio_take_over_threads 71005a10 f   dynamo.c.obj
 0001:00004bf0       _entering_dynamorio        71005bf0 f   dynamo.c.obj
 0001:00004d80       _exiting_dynamorio         71005d80 f   dynamo.c.obj
 0001:00004f30       _get_dr_stats              71005f30 f   dynamo.c.obj
 0001:00004f40       _get_list_of_threads       71005f40 f   dynamo.c.obj
 0001:00004fd0       _get_thread_num            71005fd0 f   dynamo.c.obj
 0001:00004ff0       _initialize_dynamo_context 71005ff0 f   dynamo.c.obj
 0001:000050d0       _is_currently_on_dstack    710060d0 f   dynamo.c.obj
 0001:00005100       _is_last_app_thread        71006100 f   dynamo.c.obj
 0001:00005120       _is_on_dstack              71006120 f   dynamo.c.obj
 0001:00005150       _is_on_initstack           71006150 f   dynamo.c.obj
 0001:00005170       _is_thread_initialized     71006170 f   dynamo.c.obj
 0001:00005180       _is_thread_known           71006180 f   dynamo.c.obj
 0001:000051a0       _pre_second_thread         710061a0 f   dynamo.c.obj
 0001:00005280       _protect_data_section      71006280 f   dynamo.c.obj
 0001:000053d0       _remove_thread             710063d0 f   dynamo.c.obj
 0001:00005470       _standalone_exit           71006470 f   dynamo.c.obj
 0001:000054e0       _standalone_init           710064e0 f   dynamo.c.obj
 0001:00005d30       _thread_lookup             71006d30 f   dynamo.c.obj
 0001:00005fa0       _coarse_is_trace_head_in_own_unit 71006fa0 f   fragment.c.obj
 0001:00006330       _enter_couldbelinking      71007330 f   fragment.c.obj
 0001:000063d0       _enter_nolinking           710073d0 f   fragment.c.obj
 0001:00006550       _enter_threadexit          71007550 f   fragment.c.obj
 0001:000065c0       _flush_fragments_and_remove_region 710075c0 f   fragment.c.obj
 0001:00006600       _flush_fragments_end_synch 71007600 f   fragment.c.obj
 0001:00006910       _flush_fragments_from_region 71007910 f   fragment.c.obj
 0001:00006950       _flush_fragments_in_region_finish 71007950 f   fragment.c.obj
 0001:00006b20       _flush_fragments_in_region_start 71007b20 f   fragment.c.obj
 0001:00006e40       _flush_fragments_synch_unlink_priv 71007e40 f   fragment.c.obj
 0001:00007450       _flush_fragments_unlink_shared 71008450 f   fragment.c.obj
 0001:00007520       _flush_invalidate_ibl_shared_target 71008520 f   fragment.c.obj
 0001:00007590       _fragment_add              71008590 f   fragment.c.obj
 0001:00007630       _fragment_add_ibl_target   71008630 f   fragment.c.obj
 0001:000078f0       _fragment_body_end_pc      710088f0 f   fragment.c.obj
 0001:00007a60       _fragment_coarse_add       71008a60 f   fragment.c.obj
 0001:00007ab0       _fragment_coarse_create_entry_pclookup_table 71008ab0 f   fragment.c.obj
 0001:00007e10       _fragment_coarse_entry_pclookup 71008e10 f   fragment.c.obj
 0001:00008180       _fragment_coarse_free_entry_pclookup_table 71009180 f   fragment.c.obj
 0001:000081b0       _fragment_coarse_htable_create 710091b0 f   fragment.c.obj
 0001:000082b0       _fragment_coarse_htable_free 710092b0 f   fragment.c.obj
 0001:00008320       _fragment_coarse_htable_merge 71009320 f   fragment.c.obj
 0001:000085b0       _fragment_coarse_htable_persist 710095b0 f   fragment.c.obj
 0001:00008600       _fragment_coarse_htable_persist_size 71009600 f   fragment.c.obj
 0001:00008630       _fragment_coarse_htable_resurrect 71009630 f   fragment.c.obj
 0001:00008710       _fragment_coarse_lookup    71009710 f   fragment.c.obj
 0001:000088f0       _fragment_coarse_lookup_in_unit 710098f0 f   fragment.c.obj
 0001:00008aa0       _fragment_coarse_lookup_wrapper 71009aa0 f   fragment.c.obj
 0001:00008b00       _fragment_coarse_num_entries 71009b00 f   fragment.c.obj
 0001:00008b10       _fragment_coarse_pclookup  71009b10 f   fragment.c.obj
 0001:00009080       _fragment_coarse_replace   7100a080 f   fragment.c.obj
 0001:00009150       _fragment_coarse_th_add    7100a150 f   fragment.c.obj
 0001:000091f0       _fragment_coarse_th_unlink_and_add 7100a1f0 f   fragment.c.obj
 0001:00009270       _fragment_coarse_unit_freeze 7100a270 f   fragment.c.obj
 0001:00009480       _fragment_coarse_wrapper   7100a480 f   fragment.c.obj
 0001:000094c0       _fragment_copy_data_fields 7100a4c0 f   fragment.c.obj
 0001:00009530       _fragment_create           7100a530 f   fragment.c.obj
 0001:00009660       _fragment_create_and_add_future 7100a660 f   fragment.c.obj
 0001:000097e0       _fragment_delete           7100a7e0 f   fragment.c.obj
 0001:000099e0       _fragment_delete_future    7100a9e0 f   fragment.c.obj
 0001:00009b90       _fragment_exit             7100ab90 f   fragment.c.obj
 0001:00009fc0       _fragment_exit_post_sideline 7100afc0 f   fragment.c.obj
 0001:00009fd0       _fragment_free             7100afd0 f   fragment.c.obj
 0001:0000a1c0       _fragment_get_fragment_delete_mutex 7100b1c0 f   fragment.c.obj
 0001:0000a1f0       _fragment_init             7100b1f0 f   fragment.c.obj
 0001:0000a3d0       _fragment_initialized      7100b3d0 f   fragment.c.obj
 0001:0000a3f0       _fragment_lookup           7100b3f0 f   fragment.c.obj
 0001:0000a4f0       _fragment_lookup_bb        7100b4f0 f   fragment.c.obj
 0001:0000a570       _fragment_lookup_fine_and_coarse 7100b570 f   fragment.c.obj
 0001:0000a690       _fragment_lookup_fine_and_coarse_sharing 7100b690 f   fragment.c.obj
 0001:0000a700       _fragment_lookup_future    7100b700 f   fragment.c.obj
 0001:0000a7d0       _fragment_lookup_private_future 7100b7d0 f   fragment.c.obj
 0001:0000a800       _fragment_lookup_same_sharing 7100b800 f   fragment.c.obj
 0001:0000a820       _fragment_lookup_shared_bb 7100b820 f   fragment.c.obj
 0001:0000a870       _fragment_lookup_trace     7100b870 f   fragment.c.obj
 0001:0000aa20       _fragment_output           7100ba20 f   fragment.c.obj
 0001:0000aa90       _fragment_overlaps         7100ba90 f   fragment.c.obj
 0001:0000ab60       _fragment_pclookup         7100bb60 f   fragment.c.obj
 0001:0000ab70       _fragment_pclookup_with_linkstubs 7100bb70 f   fragment.c.obj
 0001:0000abc0       _fragment_prepare_for_removal 7100bbc0 f   fragment.c.obj
 0001:0000add0       _fragment_record_translation_info 7100bdd0 f   fragment.c.obj
 0001:0000ae60       _fragment_recreate_with_linkstubs 7100be60 f   fragment.c.obj
 0001:0000b040       _fragment_release_fragment_delete_mutex 7100c040 f   fragment.c.obj
 0001:0000b070       _fragment_remove           7100c070 f   fragment.c.obj
 0001:0000b1a0       _fragment_remove_all_ibl_in_region 7100c1a0 f   fragment.c.obj
 0001:0000b220       _fragment_remove_from_ibt_tables 7100c220 f   fragment.c.obj
 0001:0000b530       _fragment_remove_shared_no_flush 7100c530 f   fragment.c.obj
 0001:0000b650       _fragment_replace          7100c650 f   fragment.c.obj
 0001:0000b860       _fragment_reset_free       7100c860 f   fragment.c.obj
 0001:0000ba10       _fragment_reset_init       7100ca10 f   fragment.c.obj
 0001:0000bc70       _fragment_self_write       7100cc70 f   fragment.c.obj
 0001:0000bd00       _fragment_shift_fcache_pointers 7100cd00 f   fragment.c.obj
 0001:0000bf00       _fragment_stubs_end_pc     7100cf00 f   fragment.c.obj
 0001:0000bf30       _fragment_thread_exit      7100cf30 f   fragment.c.obj
 0001:0000c0b0       _fragment_thread_exited    7100d0b0 f   fragment.c.obj
 0001:0000c0d0       _fragment_thread_init      7100d0d0 f   fragment.c.obj
 0001:0000c1d0       _fragment_thread_reset_free 7100d1d0 f   fragment.c.obj
 0001:0000c230       _fragment_thread_reset_init 7100d230 f   fragment.c.obj
 0001:0000c600       _fragment_unlink_for_deletion 7100d600 f   fragment.c.obj
 0001:0000c670       _fragment_update_ibl_tables 7100d670 f   fragment.c.obj
 0001:0000c690       _get_at_syscall            7100d690 f   fragment.c.obj
 0001:0000c6b0       _get_flushtime_last_update 7100d6b0 f   fragment.c.obj
 0001:0000c6d0       _get_fragment_coarse_info  7100d6d0 f   fragment.c.obj
 0001:0000e590       _increment_global_flushtime 7100f590 f   fragment.c.obj
 0001:0000e600       _invalidate_code_cache     7100f600 f   fragment.c.obj
 0001:0000e630       _is_couldbelinking         7100f630 f   fragment.c.obj
 0001:0000e660       _is_self_allsynch_flushing 7100f660 f   fragment.c.obj
 0001:0000e680       _is_self_couldbelinking    7100f680 f   fragment.c.obj
 0001:0000e6b0       _is_self_flushing          7100f6b0 f   fragment.c.obj
 0001:0000f010       _set_at_syscall            71010010 f   fragment.c.obj
 0001:0000f030       _set_flushtime_last_update 71010030 f   fragment.c.obj
 0001:0000fd60       _coarse_frozen_cache_size  71010d60 f   fcache.c.obj
 0001:0000fe10       _fcache_add_fragment       71010e10 f   fcache.c.obj
 0001:00010640       _fcache_change_fragment_protection 71011640 f   fcache.c.obj
 0001:000106d0       _fcache_check_option_compatibility 710116d0 f   fcache.c.obj
 0001:00010ba0       _fcache_coarse_cache_delete 71011ba0 f   fcache.c.obj
 0001:00010bd0       _fcache_coarse_init_frozen 71011bd0 f   fcache.c.obj
 0001:00010c20       _fcache_coarse_set_info    71011c20 f   fcache.c.obj
 0001:00010f10       _fcache_exit               71011f10 f   fcache.c.obj
 0001:00011080       _fcache_flush_pending_units 71012080 f   fcache.c.obj
 0001:00011480       _fcache_fragment_pclookup  71012480 f   fcache.c.obj
 0001:000115e0       _fcache_free_pending_units 710125e0 f   fcache.c.obj
 0001:00011d40       _fcache_init               71012d40 f   fcache.c.obj
 0001:00011e30       _fcache_is_flush_pending   71012e30 f   fcache.c.obj
 0001:00011e40       _fcache_is_writable        71012e40 f   fcache.c.obj
 0001:00011e60       _fcache_low_on_memory      71012e60 f   fcache.c.obj
 0001:00011fc0       _fcache_profile_exit       71012fc0 f   fcache.c.obj
 0001:000121d0       _fcache_refine_whereami    710131d0 f   fcache.c.obj
 0001:00012270       _fcache_remove_fragment    71013270 f   fcache.c.obj
 0001:000123c0       _fcache_reset_all_caches_proactively 710133c0 f   fcache.c.obj
 0001:00012860       _fcache_return_extra_space 71013860 f   fcache.c.obj
 0001:00013280       _fcache_shift_start_pc     71014280 f   fcache.c.obj
 0001:00013330       _fcache_thread_exit        71014330 f   fcache.c.obj
 0001:00013340       _fcache_thread_init        71014340 f   fcache.c.obj
 0001:00013ad0       _get_fcache_coarse_info    71014ad0 f   fcache.c.obj
 0001:00013b00       _in_fcache                 71014b00 f   fcache.c.obj
 0001:00014320       _schedule_reset            71015320 f   fcache.c.obj
 0001:00014700       _coarse_deref_ibl_prefix   71015700 f   link.c.obj
 0001:00014730       _coarse_frozen_stub_size   71015730 f   link.c.obj
 0001:00014880       _coarse_lazy_link          71015880 f   link.c.obj
 0001:00014d30       _coarse_mark_trace_head    71015d30 f   link.c.obj
 0001:00014ec0       _coarse_remove_outgoing    71015ec0 f   link.c.obj
 0001:00015000       _coarse_stub_alignment     71016000 f   link.c.obj
 0001:00015000       _coarse_indirect_stub_size 71016000 f   emit_utils_shared.c.obj
 0001:00015010       _coarse_stubs_create       71016010 f   link.c.obj
 0001:00015080       _coarse_stubs_delete       71016080 f   link.c.obj
 0001:00015140       _coarse_stubs_set_end_pc   71016140 f   link.c.obj
 0001:00015160       _coarse_stubs_set_info     71016160 f   link.c.obj
 0001:00015180       _coarse_unit_shift_links   71016180 f   link.c.obj
 0001:00015370       _coarse_unit_unlink        71016370 f   link.c.obj
 0001:000155e0       _coarse_unit_unlink_outgoing 710165e0 f   link.c.obj
 0001:000156d0       _coarse_update_outgoing    710166d0 f   link.c.obj
 0001:000157f0       _d_r_link_exit             710167f0 f   link.c.obj
 0001:00015830       _d_r_link_init             71016830 f   link.c.obj
 0001:000158c0       _fcache_return_coarse_prefix 710168c0 f   link.c.obj
 0001:000158f0       _get_asynch_linkstub       710168f0 f   link.c.obj
 0001:00015900       _get_client_linkstub       71016900 f   link.c.obj
 0001:00015910       _get_coarse_exit_linkstub  71016910 f   link.c.obj
 0001:00015920       _get_coarse_ibl_prefix     71016920 f   link.c.obj
 0001:00015960       _get_coarse_trace_head_exit_linkstub 71016960 f   link.c.obj
 0001:00015970       _get_deleted_linkstub      71016970 f   link.c.obj
 0001:00015980       _get_ibl_deleted_linkstub  71016980 f   link.c.obj
 0001:00015990       _get_ibl_sourceless_linkstub 71016990 f   link.c.obj
 0001:000159f0       _get_last_linkstub_ordinal 710169f0 f   link.c.obj
 0001:00015a00       _get_native_exec_linkstub  71016a00 f   link.c.obj
 0001:00015a10       _get_native_exec_syscall_linkstub 71016a10 f   link.c.obj
 0001:00015a20       _get_reset_linkstub        71016a20 f   link.c.obj
 0001:00015a30       _get_selfmod_linkstub      71016a30 f   link.c.obj
 0001:00015a40       _get_shared_syscalls_bb_linkstub 71016a40 f   link.c.obj
 0001:00015a50       _get_shared_syscalls_trace_linkstub 71016a50 f   link.c.obj
 0001:00015a60       _get_shared_syscalls_unlinked_linkstub 71016a60 f   link.c.obj
 0001:00015a70       _get_special_ibl_linkstub  71016a70 f   link.c.obj
 0001:00015ab0       _get_starting_linkstub     71016ab0 f   link.c.obj
 0001:00015ac0       _get_stub_coarse_info      71016ac0 f   link.c.obj
 0001:00015ae0       _get_syscall_linkstub      71016ae0 f   link.c.obj
 0001:00015af0       _in_coarse_stub_prefixes   71016af0 f   link.c.obj
 0001:00015b30       _in_coarse_stubs           71016b30 f   link.c.obj
 0001:00015c80       _incoming_remove_fragment  71016c80 f   link.c.obj
 0001:00015f50       _is_ibl_sourceless_linkstub 71016f50 f   link.c.obj
 0001:00015f90       _is_linkable               71016f90 f   link.c.obj
 0001:00016030       _last_exit_deleted         71017030 f   link.c.obj
 0001:00016380       _link_fragment_incoming    71017380 f   link.c.obj
 0001:000164d0       _link_fragment_outgoing    710174d0 f   link.c.obj
 0001:00016aa0       _link_new_fragment         71017aa0 f   link.c.obj
 0001:00016b40       _link_reset_free           71017b40 f   link.c.obj
 0001:00016b60       _link_reset_init           71017b60 f   link.c.obj
 0001:00016b90       _link_thread_exit          71017b90 f   link.c.obj
 0001:00016bb0       _link_thread_init          71017bb0 f   link.c.obj
 0001:00016bf0       _linkstub_frag_offs_at_end 71017bf0 f   link.c.obj
 0001:00016c30       _linkstub_fragment         71017c30 f   link.c.obj
 0001:00016da0       _linkstub_free_exitstubs   71017da0 f   link.c.obj
 0001:00016ee0       _linkstub_propagatable_flags 71017ee0 f   link.c.obj
 0001:00016f00       _linkstub_shares_next_stub 71017f00 f   link.c.obj
 0001:00017090       _linkstub_size             71018090 f   link.c.obj
 0001:00017100       _linkstubs_heap_size       71018100 f   link.c.obj
 0001:00017150       _linkstubs_init            71018150 f   link.c.obj
 0001:000171f0       _linkstubs_shift           710181f0 f   link.c.obj
 0001:00017290       _local_exit_stub_size      71018290 f   link.c.obj
 0001:00017350       _separate_stub_create      71018350 f   link.c.obj
 0001:000174c0       _set_coarse_ibl_exit       710184c0 f   link.c.obj
 0001:00017550       _set_last_exit             71018550 f   link.c.obj
 0001:00017580       _shift_links_to_new_fragment 71018580 f   link.c.obj
 0001:00017d20       _should_separate_stub      71018d20 f   link.c.obj
 0001:00017d90       _trace_head_return_coarse_prefix 71018d90 f   link.c.obj
 0001:000180d0       _unlink_fragment_incoming  710190d0 f   link.c.obj
 0001:000181f0       _unlink_fragment_outgoing  710191f0 f   link.c.obj
 0001:000182d0       _os_thread_re_take_over    710192d0 f   os.c.obj
 0001:000182d0       _ignorable_system_call     710192d0 f   syscall.c.obj
 0001:000182d0       _instr_is_exclusive_store  710192d0 f   instr.c.obj
 0001:000182d0       _parameters_stack_padded   710192d0 f   mangle_shared.c.obj
 0001:000182d0       _instr_is_exclusive_load   710192d0 f   instr.c.obj
 0001:000182d0       _use_cbr_fallthrough_short 710192d0 f   link.c.obj
 0001:000182d0       _reg_is_stolen             710192d0 f   opnd.c.obj
 0001:000182d0       _opnd_is_immed_int64       710192d0 f   opnd_shared.c.obj
 0001:000182d0       _opnd_disassemble_arch     710192d0 f   disassemble.c.obj
 0001:000182e0       _d_r_dispatch              710192e0 f   dispatch.c.obj
 0001:0001a190       _handle_system_call        7101b190 f   dispatch.c.obj
 0001:0001a580       _is_stopping_point         7101b580 f   dispatch.c.obj
 0001:0001a5d0       _issue_last_system_call_from_app 7101b5d0 f   dispatch.c.obj
 0001:0001a740       _transfer_to_dispatch      7101b740 f   dispatch.c.obj
 0001:0001a7c0       _emit_fragment             7101b7c0 f   emit.c.obj
 0001:0001a7f0       _emit_fragment_as_replacement 7101b7f0 f   emit.c.obj
 0001:0001b310       _emit_fragment_ex          7101c310 f   emit.c.obj
 0001:0001b340       _emit_invisible_fragment   7101c340 f   emit.c.obj
 0001:0001b370       _final_exit_shares_prev_stub 7101c370 f   emit.c.obj
 0001:0001b3f0       _set_linkstub_fields       7101c3f0 f   emit.c.obj
 0001:0001bd70       _acquire_recursive_app_lock 7101cd70 f   utils.c.obj
 0001:0001bdb0       _acquire_recursive_lock    7101cdb0 f   utils.c.obj
 0001:0001bde0       _bitmap_allocate_blocks    7101cde0 f   utils.c.obj
 0001:0001bfa0       _bitmap_free_blocks        7101cfa0 f   utils.c.obj
 0001:0001bfd0       _bitmap_initialize_free    7101cfd0 f   utils.c.obj
 0001:0001bff0       _check_filter              7101cff0 f   utils.c.obj
 0001:0001c120       _check_filter_with_wildcards 7101d120 f   utils.c.obj
 0001:0001c140       _check_low_disk_threshold  7101d140 f   utils.c.obj
 0001:0001c1a0       _close_log_file            7101d1a0 f   utils.c.obj
 0001:0001c1c0       _convert_date_to_millis    7101d1c0 f   utils.c.obj
 0001:0001c2a0       _convert_millis_to_date    7101d2a0 f   utils.c.obj
 0001:0001c3e0       _create_log_dir            7101d3e0 f   utils.c.obj
 0001:0001c7a0       _d_r_crc32                 7101d7a0 f   utils.c.obj
 0001:0001c7d0       _d_r_get_random_seed       7101d7d0 f   utils.c.obj
 0001:0001c7e0       _d_r_md5_final             7101d7e0 f   utils.c.obj
 0001:0001c900       _d_r_md5_init              7101d900 f   utils.c.obj
 0001:0001c930       _d_r_md5_update            7101d930 f   utils.c.obj
 0001:0001c9f0       _d_r_mutex_delete          7101d9f0 f   utils.c.obj
 0001:0001c9f0       _spinmutex_delete          7101d9f0 f   utils.c.obj
 0001:0001ca10       _d_r_mutex_lock            7101da10 f   utils.c.obj
 0001:0001ca60       _d_r_mutex_lock_app        7101da60 f   utils.c.obj
 0001:0001cab0       _d_r_mutex_trylock         7101dab0 f   utils.c.obj
 0001:0001cad0       _d_r_mutex_unlock          7101dad0 f   utils.c.obj
 0001:0001caf0       _d_r_notify                7101daf0 f   utils.c.obj
 0001:0001cbd0       _d_r_read_lock             7101dbd0 f   utils.c.obj
 0001:0001cc70       _d_r_read_unlock           7101dc70 f   utils.c.obj
 0001:0001ccb0       _d_r_set_random_seed       7101dcb0 f   utils.c.obj
 0001:0001ccc0       _d_r_write_lock            7101dcc0 f   utils.c.obj
 0001:0001cd20       _d_r_write_trylock         7101dd20 f   utils.c.obj
 0001:0001cd70       _d_r_write_unlock          7101dd70 f   utils.c.obj
 0001:0001cdd0       _divide_uint64_print       7101ddd0 f   utils.c.obj
 0001:0001ce70       _do_file_write             7101de70 f   utils.c.obj
 0001:0001cf10       _double_print              7101df10 f   utils.c.obj
 0001:0001cfc0       _double_strchr             7101dfc0 f   utils.c.obj
 0001:0001cff0       _dr_strdup                 7101dff0 f   utils.c.obj
 0001:0001d030       _dr_strfree                7101e030 f   utils.c.obj
 0001:0001d060       _dr_wstrdup                7101e060 f   utils.c.obj
 0001:0001d150       _dump_buffer_as_bytes      7101e150 f   utils.c.obj
 0001:0001d4a0       _dump_global_rstats_to_stderr 7101e4a0 f   utils.c.obj
 0001:0001da30       _external_error            7101ea30 f   utils.c.obj
 0001:0001daf0       _get_log_dir               7101eaf0 f   utils.c.obj
 0001:0001dbd0       _get_random_offset         7101ebd0 f   utils.c.obj
 0001:0001dc40       _get_short_name            7101ec40 f   utils.c.obj
 0001:0001dc60       _get_unique_logfile        7101ec60 f   utils.c.obj
 0001:0001de30       _hash_value                7101ee30 f   utils.c.obj
 0001:0001ded0       _hashtable_num_bits        7101eed0 f   utils.c.obj
 0001:0001def0       _is_readable_without_exception_try 7101eef0 f   utils.c.obj
 0001:0001df80       _is_string_readable_without_exception 7101ef80 f   utils.c.obj
 0001:0001e080       _md5_digests_equal         7101f080 f   utils.c.obj
 0001:0001e0b0       _module_digests_equal      7101f0b0 f   utils.c.obj
 0001:0001e120       _open_log_file             7101f120 f   utils.c.obj
 0001:0001e350       _our_wcsnlen               7101f350 f   utils.c.obj
 0001:0001e370       _print_file                7101f370 f   utils.c.obj
 0001:0001e390       _print_to_buffer           7101f390 f   utils.c.obj
 0001:0001e3b0       _print_version_and_app_info 7101f3b0 f   utils.c.obj
 0001:0001e420       _print_xml_cdata           7101f420 f   utils.c.obj
 0001:0001e4d0       _region_intersection       7101f4d0 f   utils.c.obj
 0001:0001e510       _release_recursive_lock    7101f510 f   utils.c.obj
 0001:0001e540       _report_app_problem        7101f540 f   utils.c.obj
 0001:0001e650       _report_dynamorio_problem  7101f650 f   utils.c.obj
 0001:0001e980       _safe_write_try_except     7101f980 f   utils.c.obj
 0001:0001eab0       _self_owns_recursive_lock  7101fab0 f   utils.c.obj
 0001:0001eac0       _self_owns_write_lock      7101fac0 f   utils.c.obj
 0001:0001ead0       _set_display_version       7101fad0 f   utils.c.obj
 0001:0001eb40       _set_exception_strings     7101fb40 f   utils.c.obj
 0001:0001ec20       _spinmutex_lock            7101fc20 f   utils.c.obj
 0001:0001ec50       _spinmutex_lock_no_yield   7101fc50 f   utils.c.obj
 0001:0001ec80       _spinmutex_trylock         7101fc80 f   utils.c.obj
 0001:0001eca0       _spinmutex_unlock          7101fca0 f   utils.c.obj
 0001:0001ecb0       _stats_get_snapshot        7101fcb0 f   utils.c.obj
 0001:0001ede0       _str_case_prefix           7101fde0 f   utils.c.obj
 0001:0001ee30       _try_recursive_lock        7101fe30 f   utils.c.obj
 0001:0001ee70       _utils_exit                7101fe70 f   utils.c.obj
 0001:0001eef0       _utils_init                7101fef0 f   utils.c.obj
 0001:0001f040       _config_heap_exit          71020040 f   config.c.obj
 0001:0001f090       _config_heap_init          71020090 f   config.c.obj
 0001:0001f330       _d_r_config_exit           71020330 f   config.c.obj
 0001:0001f360       _d_r_config_init           71020360 f   config.c.obj
 0001:0001f390       _d_r_get_parameter         71020390 f   config.c.obj
 0001:0001f3b0       _get_config_val            710203b0 f   config.c.obj
 0001:0001f4f0       _get_config_val_other_app  710204f0 f   config.c.obj
 0001:0001f530       _get_parameter_ex          71020530 f   config.c.obj
 0001:0001f6e0       _my_getenv                 710206e0 f   config.c.obj
 0001:000200e0       _kstat_exit                710210e0 f   stats.c.obj
 0001:00020140       _kstat_init                71021140 f   stats.c.obj
 0001:00021660       _kstat_thread_exit         71022660 f   stats.c.obj
 0001:000218b0       _kstat_thread_init         710228b0 f   stats.c.obj
 0001:00021b10       _alloc_landing_pad         71022b10 f   heap.c.obj
 0001:00022380       _d_r_heap_exit             71023380 f   heap.c.obj
 0001:00022690       _d_r_heap_init             71023690 f   heap.c.obj
 0001:00022860       _d_r_map_file              71023860 f   heap.c.obj
 0001:000228b0       _d_r_unmap_file            710238b0 f   heap.c.obj
 0001:00022cb0       _global_heap_alloc         71023cb0 f   heap.c.obj
 0001:00022ce0       _global_heap_free          71023ce0 f   heap.c.obj
 0001:00022d00       _global_heap_realloc       71023d00 f   heap.c.obj
 0001:00022d80       _global_unprotected_heap_alloc 71023d80 f   heap.c.obj
 0001:00022da0       _global_unprotected_heap_free 71023da0 f   heap.c.obj
 0001:00022dc0       _heap_alloc                71023dc0 f   heap.c.obj
 0001:00022e10       _heap_check_option_compatibility 71023e10 f   heap.c.obj
 0001:00023030       _heap_reachable_free       71024030 f   heap.c.obj
 0001:00023030       _heap_free                 71024030 f   heap.c.obj
 0001:000232c0       _heap_mmap                 710242c0 f   heap.c.obj
 0001:000232e0       _heap_mmap_ex              710242e0 f   heap.c.obj
 0001:00023310       _heap_mmap_extend_commitment 71024310 f   heap.c.obj
 0001:00023380       _heap_mmap_reserve         71024380 f   heap.c.obj
 0001:000233a0       _heap_mmap_reserve_post_stack 710243a0 f   heap.c.obj
 0001:000235c0       _heap_mmap_retract_commitment 710245c0 f   heap.c.obj
 0001:00023620       _heap_munmap               71024620 f   heap.c.obj
 0001:00023640       _heap_munmap_ex            71024640 f   heap.c.obj
 0001:00023660       _heap_munmap_post_stack    71024660 f   heap.c.obj
 0001:000236d0       _heap_post_exit            710246d0 f   heap.c.obj
 0001:000236e0       _heap_reachable_alloc      710246e0 f   heap.c.obj
 0001:00023750       _heap_reset_free           71024750 f   heap.c.obj
 0001:00023810       _heap_reset_init           71024810 f   heap.c.obj
 0001:00023860       _heap_thread_exit          71024860 f   heap.c.obj
 0001:000238c0       _heap_thread_init          710248c0 f   heap.c.obj
 0001:00023a00       _heap_thread_reset_free    71024a00 f   heap.c.obj
 0001:00023a20       _heap_thread_reset_init    71024a20 f   heap.c.obj
 0001:00023ab0       _heap_vmareas_synch_units  71024ab0 f   heap.c.obj
 0001:00023dd0       _is_stack_overflow         71024dd0 f   heap.c.obj
 0001:00023e30       _is_vmm_reserved_address   71024e30 f   heap.c.obj
 0001:00023f30       _landing_pads_to_executable_areas 71024f30 f   heap.c.obj
 0001:00023ff0       _local_heap_protected      71024ff0 f   heap.c.obj
 0001:00024030       _lockwise_safe_to_allocate_memory 71025030 f   heap.c.obj
 0001:00024050       _nonpersistent_heap_alloc  71025050 f   heap.c.obj
 0001:00024090       _nonpersistent_heap_free   71025090 f   heap.c.obj
 0001:000240d0       _print_vmm_heap_data       710250d0 f   heap.c.obj
 0001:00024140       _protect_global_heap       71025140 f   heap.c.obj
 0001:000241b0       _protect_local_heap        710251b0 f   heap.c.obj
 0001:000245b0       _special_heap_alloc        710255b0 f   heap.c.obj
 0001:000245c0       _special_heap_calloc       710255c0 f   heap.c.obj
 0001:000247f0       _special_heap_cfree        710257f0 f   heap.c.obj
 0001:00024aa0       _special_heap_exit         71025aa0 f   heap.c.obj
 0001:00024ca0       _special_heap_free         71025ca0 f   heap.c.obj
 0001:00024d60       _special_heap_init         71025d60 f   heap.c.obj
 0001:00024f50       _special_heap_iterator_hasnext 71025f50 f   heap.c.obj
 0001:00024f60       _special_heap_iterator_next 71025f60 f   heap.c.obj
 0001:00024fb0       _special_heap_iterator_start 71025fb0 f   heap.c.obj
 0001:00024fe0       _special_heap_iterator_stop 71025fe0 f   heap.c.obj
 0001:00025000       _special_heap_pclookup_init 71026000 f   heap.c.obj
 0001:00025040       _special_heap_profile_exit 71026040 f   heap.c.obj
 0001:00025110       _special_heap_set_unit_end 71026110 f   heap.c.obj
 0001:00025140       _special_heap_set_vector_data 71026140 f   heap.c.obj
 0001:00025170       _stack_alloc               71026170 f   heap.c.obj
 0001:00025260       _stack_free                71026260 f   heap.c.obj
 0001:000254a0       _trim_landing_pad          710264a0 f   heap.c.obj
 0001:000255d0       _vmcode_get_end            710265d0 f   heap.c.obj
 0001:000255f0       _vmcode_get_executable_addr 710265f0 f   heap.c.obj
 0001:00025630       _vmcode_get_start          71026630 f   heap.c.obj
 0001:00025640       _vmcode_get_writable_addr  71026640 f   heap.c.obj
 0001:00025670       _vmcode_unreachable_pc     71026670 f   heap.c.obj
 0001:000259a0       _vmm_heap_exit             710269a0 f   heap.c.obj
 0001:00025b60       _vmm_heap_handle_pending_low_on_memory_event_trigger 71026b60 f   heap.c.obj
 0001:00025ba0       _vmm_heap_init             71026ba0 f   heap.c.obj
 0001:00026bb0       _cur_trace_vmlist          71027bb0 f   monitor.c.obj
 0001:00026bc0       _d_r_monitor_exit          71027bc0 f   monitor.c.obj
 0001:00027560       _is_building_trace         71028560 f   monitor.c.obj
 0001:000276e0       _mangle_trace_at_end       710286e0 f   monitor.c.obj
 0001:00027700       _mark_trace_head           71028700 f   monitor.c.obj
 0001:00027940       _monitor_cache_enter       71028940 f   monitor.c.obj
 0001:00028790       _monitor_cache_exit        71029790 f   monitor.c.obj
 0001:00028840       _monitor_delete_would_abort_trace 71029840 f   monitor.c.obj
 0001:00028880       _monitor_is_linkable       71029880 f   monitor.c.obj
 0001:00028900       _monitor_remove_fragment   71029900 f   monitor.c.obj
 0001:00028970       _monitor_thread_exit       71029970 f   monitor.c.obj
 0001:00028980       _monitor_thread_init       71029980 f   monitor.c.obj
 0001:000289f0       _monitor_thread_reset_free 710299f0 f   monitor.c.obj
 0001:000289f0       _trace_abort_and_delete    710299f0 f   monitor.c.obj
 0001:00028b60       _should_be_trace_head      71029b60 f   monitor.c.obj
 0001:00028d50       _thcounter_range_remove    71029d50 f   monitor.c.obj
 0001:00028d80       _trace_abort               71029d80 f   monitor.c.obj
 0001:00028fa0       _acquire_vm_areas_lock     71029fa0 f   vmareas.c.obj
 0001:00028ff0       _acquire_vm_areas_lock_if_not_already 71029ff0 f   vmareas.c.obj
 0001:00029050       _add_dynamo_heap_vm_area   7102a050 f   vmareas.c.obj
 0001:00029090       _add_dynamo_vm_area        7102a090 f   vmareas.c.obj
 0001:00029110       _add_executable_region     7102a110 f   vmareas.c.obj
 0001:00029540       _add_to_lazy_deletion_list 7102a540 f   vmareas.c.obj
 0001:00029d90       _app_memory_allocation     7102ad90 f   vmareas.c.obj
 0001:00029f30       _app_memory_deallocation   7102af30 f   vmareas.c.obj
 0001:00029f90       _app_memory_pre_alloc      7102af90 f   vmareas.c.obj
 0001:0002a080       _app_memory_protection_change 7102b080 f   vmareas.c.obj
 0001:0002a5e0       _check_in_last_thread_vm_area 7102b5e0 f   vmareas.c.obj
 0001:0002a770       _check_thread_vm_area      7102b770 f   vmareas.c.obj
 0001:0002b3a0       _check_thread_vm_area_abort 7102c3a0 f   vmareas.c.obj
 0001:0002b4e0       _dynamo_vm_area_overlap    7102c4e0 f   vmareas.c.obj
 0001:0002b530       _dynamo_vm_areas_exit      7102c530 f   vmareas.c.obj
 0001:0002b560       _dynamo_vm_areas_init      7102c560 f   vmareas.c.obj
 0001:0002b5e0       _dynamo_vm_areas_lock      7102c5e0 f   vmareas.c.obj
 0001:0002b700       _dynamo_vm_areas_unlock    7102c700 f   vmareas.c.obj
 0001:0002b730       _executable_area_overlap_bounds 7102c730 f   vmareas.c.obj
 0001:0002b960       _executable_areas_lock     7102c960 f   vmareas.c.obj
 0001:0002baa0       _executable_areas_unlock   7102caa0 f   vmareas.c.obj
 0001:0002bab0       _executable_vm_area_coarse_overlap 7102cab0 f   vmareas.c.obj
 0001:0002bb00       _executable_vm_area_executed_from 7102cb00 f   vmareas.c.obj
 0001:0002bb50       _executable_vm_area_overlap 7102cb50 f   vmareas.c.obj
 0001:0002bbe0       _free_nonexec_coarse_and_unlock 7102cbe0 f   vmareas.c.obj
 0001:0002bdd0       _get_executable_area_coarse_info 7102cdd0 f   vmareas.c.obj
 0001:0002bdf0       _get_executable_area_flags 7102cdf0 f   vmareas.c.obj
 0001:0002be40       _get_selfmod_exec_counter  7102ce40 f   vmareas.c.obj
 0001:0002bf20       _handle_modified_code      7102cf20 f   vmareas.c.obj
 0001:0002c5c0       _is_address_on_stack       7102d5c0 f   vmareas.c.obj
 0001:0002c650       _is_driver_address         7102d650 f   vmareas.c.obj
 0001:0002c6c0       _is_dynamo_address         7102d6c0 f   vmareas.c.obj
 0001:0002c710       _is_dynamo_area_buffer     7102d710 f   vmareas.c.obj
 0001:0002c780       _is_executable_area_writable 7102d780 f   vmareas.c.obj
 0001:0002c7c0       _is_jit_managed_area       7102d7c0 f   vmareas.c.obj
 0001:0002c8d0       _is_pretend_or_executable_writable 7102d8d0 f   vmareas.c.obj
 0001:0002c980       _is_pretend_writable_address 7102d980 f   vmareas.c.obj
 0001:0002ca40       _mark_dynamo_vm_areas_stale 7102da40 f   vmareas.c.obj
 0001:0002ca50       _mark_executable_area_coarse_frozen 7102da50 f   vmareas.c.obj
 0001:0002cac0       _mark_unload_end           7102dac0 f   vmareas.c.obj
 0001:0002caf0       _mark_unload_start         7102daf0 f   vmareas.c.obj
 0001:0002cc60       _print_executable_areas    7102dc60 f   vmareas.c.obj
 0001:0002ccc0       _print_last_deallocated    7102dcc0 f   vmareas.c.obj
 0001:0002ce30       _release_vm_areas_lock     7102de30 f   vmareas.c.obj
 0001:0002ce70       _remove_dynamo_heap_areas  7102de70 f   vmareas.c.obj
 0001:0002d1e0       _remove_dynamo_vm_area     7102e1e0 f   vmareas.c.obj
 0001:0002d240       _remove_executable_region  7102e240 f   vmareas.c.obj
 0001:0002d460       _remove_from_lazy_deletion_list 7102e460 f   vmareas.c.obj
 0001:0002da50       _revert_memory_regions     7102ea50 f   vmareas.c.obj
 0001:0002daf0       _self_owns_dynamo_vm_area_lock 7102eaf0 f   vmareas.c.obj
 0001:0002db10       _set_region_jit_managed    7102eb10 f   vmareas.c.obj
 0001:0002dbc0       _set_thread_decode_page_start 7102ebc0 f   vmareas.c.obj
 0001:0002dbe0       _tamper_resistant_region_add 7102ebe0 f   vmareas.c.obj
 0001:0002dc00       _thread_vm_area_overlap    7102ec00 f   vmareas.c.obj
 0001:0002dc70       _unlink_fragments_for_deletion 7102ec70 f   vmareas.c.obj
 0001:0002dd60       _vm_area_add_fragment      7102ed60 f   vmareas.c.obj
 0001:0002dfd0       _vm_area_add_to_list       7102efd0 f   vmareas.c.obj
 0001:0002e340       _vm_area_allsynch_flush_fragments 7102f340 f   vmareas.c.obj
 0001:0002e620       _vm_area_check_shared_pending 7102f620 f   vmareas.c.obj
 0001:0002eac0       _vm_area_coarse_units_freeze 7102fac0 f   vmareas.c.obj
 0001:0002eb50       _vm_area_coarse_units_reset_free 7102fb50 f   vmareas.c.obj
 0001:0002ebe0       _vm_area_delay_load_coarse_units 7102fbe0 f   vmareas.c.obj
 0001:0002ed20       _vm_area_destroy_list      7102fd20 f   vmareas.c.obj
 0001:0002ed40       _vm_area_flush_fragments   7102fd40 f   vmareas.c.obj
 0001:0002efc0       _vm_area_remove_fragment   7102ffc0 f   vmareas.c.obj
 0001:0002f090       _vm_area_selfmod_check_clear_exec_count 71030090 f   vmareas.c.obj
 0001:0002f270       _vm_area_unlink_fragments  71030270 f   vmareas.c.obj
 0001:0002f510       _vm_areas_exit             71030510 f   vmareas.c.obj
 0001:0002f710       _vm_areas_init             71030710 f   vmareas.c.obj
 0001:0002fb60       _vm_areas_post_exit        71030b60 f   vmareas.c.obj
 0001:0002fb70       _vm_areas_reset_free       71030b70 f   vmareas.c.obj
 0001:0002fba0       _vm_areas_reset_init       71030ba0 f   vmareas.c.obj
 0001:0002fc10       _vm_areas_thread_exit      71030c10 f   vmareas.c.obj
 0001:0002fc10       _vm_areas_thread_reset_free 71030c10 f   vmareas.c.obj
 0001:0002fc30       _vm_areas_thread_init      71030c30 f   vmareas.c.obj
 0001:0002fcd0       _vm_areas_thread_reset_init 71030cd0 f   vmareas.c.obj
 0001:0002fd60       _vm_list_overlaps          71030d60 f   vmareas.c.obj
 0001:0002feb0       _vmvector_add              71030eb0 f   vmareas.c.obj
 0001:0002ff10       _vmvector_add_replace      71030f10 f   vmareas.c.obj
 0001:0002ffc0       _vmvector_create_vector    71030fc0 f   vmareas.c.obj
 0001:0002fff0       _vmvector_delete_vector    71030ff0 f   vmareas.c.obj
 0001:00030090       _vmvector_iterator_hasnext 71031090 f   vmareas.c.obj
 0001:000300b0       _vmvector_iterator_next    710310b0 f   vmareas.c.obj
 0001:00030100       _vmvector_iterator_peek    71031100 f   vmareas.c.obj
 0001:00030150       _vmvector_iterator_start   71031150 f   vmareas.c.obj
 0001:000301a0       _vmvector_iterator_startover 710311a0 f   vmareas.c.obj
 0001:000301b0       _vmvector_iterator_stop    710311b0 f   vmareas.c.obj
 0001:000301f0       _vmvector_lookup           710311f0 f   vmareas.c.obj
 0001:00030260       _vmvector_lookup_data      71031260 f   vmareas.c.obj
 0001:00030300       _vmvector_modify_data      71031300 f   vmareas.c.obj
 0001:00030380       _vmvector_overlap          71031380 f   vmareas.c.obj
 0001:000303f0       _vmvector_remove           710313f0 f   vmareas.c.obj
 0001:00030450       _vmvector_remove_containing_area 71031450 f   vmareas.c.obj
 0001:000304e0       _vmvector_reset_vector     710314e0 f   vmareas.c.obj
 0001:00030550       _was_executable_area_writable 71031550 f   vmareas.c.obj
 0001:000305e0       _generic_hash_add          710315e0 f   hashtable.c.obj
 0001:00030610       _generic_hash_clear        71031610 f   hashtable.c.obj
 0001:00030680       _generic_hash_create       71031680 f   hashtable.c.obj
 0001:000306c0       _generic_hash_destroy      710316c0 f   hashtable.c.obj
 0001:00030770       _generic_hash_iterate_next 71031770 f   hashtable.c.obj
 0001:000307d0       _generic_hash_iterate_remove 710317d0 f   hashtable.c.obj
 0001:00030840       _generic_hash_lookup       71031840 f   hashtable.c.obj
 0001:00030860       _generic_hash_range_remove 71031860 f   hashtable.c.obj
 0001:00030880       _generic_hash_remove       71031880 f   hashtable.c.obj
 0001:00030900       _hashtable_bits_given_entries 71031900 f   hashtable.c.obj
 0001:000314c0       _strhash_hash_add          710324c0 f   hashtable.c.obj
 0001:000314f0       _strhash_hash_create       710324f0 f   hashtable.c.obj
 0001:00031540       _strhash_hash_destroy      71032540 f   hashtable.c.obj
 0001:000315f0       _strhash_hash_lookup       710325f0 f   hashtable.c.obj
 0001:00031610       _strhash_hash_remove       71032610 f   hashtable.c.obj
 0001:00031730       _is_module_list_initialized 71032730 f   module_list.c.obj
 0001:00031740       _module_calculate_digest   71032740 f   module_list.c.obj
 0001:00031a60       _module_iterator_hasnext   71032a60 f   module_list.c.obj
 0001:00031ab0       _module_iterator_next      71032ab0 f   module_list.c.obj
 0001:00031ad0       _module_iterator_start     71032ad0 f   module_list.c.obj
 0001:00031b10       _module_iterator_stop      71032b10 f   module_list.c.obj
 0001:00031b50       _module_list_add           71032b50 f   module_list.c.obj
 0001:00031be0       _module_list_add_mapping   71032be0 f   module_list.c.obj
 0001:00031c00       _module_list_remove        71032c00 f   module_list.c.obj
 0001:00031cf0       _module_list_remove_mapping 71032cf0 f   module_list.c.obj
 0001:00031d10       _module_pc_lookup          71032d10 f   module_list.c.obj
 0001:00031d30       _modules_exit              71032d30 f   module_list.c.obj
 0001:00031e20       _modules_init              71032e20 f   module_list.c.obj
 0001:00031e40       _modules_reset_list        71032e40 f   module_list.c.obj
 0001:00031f10       _os_get_module_info_lock   71032f10 f   module_list.c.obj
 0001:00031f30       _os_get_module_info_unlock 71032f30 f   module_list.c.obj
 0001:00031f50       _os_get_module_info_write_lock 71032f50 f   module_list.c.obj
 0001:00031f70       _os_get_module_info_write_unlock 71032f70 f   module_list.c.obj
 0001:00031f90       _os_get_module_name_buf_strdup 71032f90 f   module_list.c.obj
 0001:000320b0       _os_get_module_name_strdup 710330b0 f   module_list.c.obj
 0001:00032130       _os_module_clear_flag      71033130 f   module_list.c.obj
 0001:00032150       _os_module_get_flag        71033150 f   module_list.c.obj
 0001:000321b0       _os_module_get_view_size   710331b0 f   module_list.c.obj
 0001:00032200       _os_module_set_flag        71033200 f   module_list.c.obj
 0001:000322b0       _moduledb_exit             710332b0 f   moduledb.c.obj
 0001:00032320       _moduledb_init             71033320 f   moduledb.c.obj
 0001:00032340       _moduledb_process_image    71033340 f   moduledb.c.obj
 0001:00032550       _print_moduledb_exempt_lists 71033550 f   moduledb.c.obj
 0001:000330a0       _coarse_unit_check_persist_space 710340a0 f   perscache.c.obj
 0001:00033120       _coarse_unit_create        71034120 f   perscache.c.obj
 0001:00033290       _coarse_unit_free          71034290 f   perscache.c.obj
 0001:000332e0       _coarse_unit_freeze        710342e0 f   perscache.c.obj
 0001:00033490       _coarse_unit_init          71034490 f   perscache.c.obj
 0001:000334c0       _coarse_unit_load          710344c0 f   perscache.c.obj
 0001:00033fd0       _coarse_unit_mark_in_use   71034fd0 f   perscache.c.obj
 0001:00034050       _coarse_unit_merge         71035050 f   perscache.c.obj
 0001:00034640       _coarse_unit_persist       71035640 f   perscache.c.obj
 0001:00034f60       _coarse_unit_reset_free    71035f60 f   perscache.c.obj
 0001:000354a0       _coarse_units_freeze_all   710364a0 f   perscache.c.obj
 0001:00035a70       _dr_fragment_persistable   71036a70 f   perscache.c.obj
 0001:00035ae0       _dr_persist_size           71036ae0 f   perscache.c.obj
 0001:00035af0       _dr_persist_start          71036af0 f   perscache.c.obj
 0001:00035e70       _instrument_persist_section 71036e70 f   perscache.c.obj
 0001:00035f40       _perscache_dirname         71036f40 f   perscache.c.obj
 0001:00036020       _perscache_fast_exit       71037020 f   perscache.c.obj
 0001:00036060       _perscache_init            71037060 f   perscache.c.obj
 0001:00036360       _transfer_coarse_fragment  71037360 f   perscache.c.obj
 0001:000365c0       _transfer_coarse_stub      710375c0 f   perscache.c.obj
 0001:000366a0       _transfer_coarse_stub_fix_trace_head 710376a0 f   perscache.c.obj
 0001:00036700       _generic_nudge_handler     71037700 f   nudge.c.obj
 0001:00036960       _generic_nudge_target      71037960 f   nudge.c.obj
 0001:00036980       _nudge_internal            71037980 f   nudge.c.obj
 0001:00036ae0       _nudge_thread_cleanup      71037ae0 f   nudge.c.obj
 0001:00036ba0       _at_safe_spot              71037ba0 f   synch.c.obj
 0001:00036d20       _check_wait_at_safe_spot   71037d20 f   synch.c.obj
 0001:00036eb0       _detach_on_permanent_stack 71037eb0 f   synch.c.obj
 0001:00037330       _end_synch_with_all_threads 71038330 f   synch.c.obj
 0001:000373d0       _is_at_do_syscall          710383d0 f   synch.c.obj
 0001:00037540       _send_all_other_threads_native 71038540 f   synch.c.obj
 0001:00037720       _set_synch_state           71038720 f   synch.c.obj
 0001:00037750       _set_synched_thread_context 71038750 f   synch.c.obj
 0001:000378d0       _should_wait_at_safe_spot  710388d0 f   synch.c.obj
 0001:000378f0       _synch_exit                710388f0 f   synch.c.obj
 0001:00037900       _synch_thread_exit         71038900 f   synch.c.obj
 0001:00037990       _synch_thread_init         71038990 f   synch.c.obj
 0001:00037a00       _synch_with_all_threads    71038a00 f   synch.c.obj
 0001:00038090       _synch_with_thread         71039090 f   synch.c.obj
 0001:00038430       _thread_synch_state_no_xfer 71039430 f   synch.c.obj
 0001:00038480       _thread_synch_successful   71039480 f   synch.c.obj
 0001:000384a0       _translate_from_synchall_to_dispatch 710394a0 f   synch.c.obj
 0001:00038610       _translate_mcontext        71039610 f   synch.c.obj
 0001:00038750       _in_private_library        71039750 f   loader_shared.c.obj
 0001:00038770       _loader_exit               71039770 f   loader_shared.c.obj
 0001:000388f0       _loader_init_epilogue      710398f0 f   loader_shared.c.obj
 0001:00038a20       _loader_init_prologue      71039a20 f   loader_shared.c.obj
 0001:00038b50       _loader_make_exit_calls    71039b50 f   loader_shared.c.obj
 0001:00038bd0       _loader_thread_exit        71039bd0 f   loader_shared.c.obj
 0001:00038c30       _loader_thread_init        71039c30 f   loader_shared.c.obj
 0001:00038cd0       _locate_and_load_private_library 71039cd0 f   loader_shared.c.obj
 0001:00038d50       _privload_add_drext_path   71039d50 f   loader_shared.c.obj
 0001:00038e90       _privload_first_module     71039e90 f   loader_shared.c.obj
 0001:00038ea0       _privload_insert           71039ea0 f   loader_shared.c.obj
 0001:00039000       _privload_load             7103a000 f   loader_shared.c.obj
 0001:000391c0       _privload_lookup           7103a1c0 f   loader_shared.c.obj
 0001:00039290       _privload_lookup_by_base   7103a290 f   loader_shared.c.obj
 0001:00039300       _privload_lookup_by_pc     7103a300 f   loader_shared.c.obj
 0001:00039380       _privload_next_module      7103a380 f   loader_shared.c.obj
 0001:00039390       _privload_print_modules    7103a390 f   loader_shared.c.obj
 0001:00039650       _privload_unload           7103a650 f   loader_shared.c.obj
 0001:00039760       _redirect_calloc           7103a760 f   loader_shared.c.obj
 0001:000397c0       _redirect_free             7103a7c0 f   loader_shared.c.obj
 0001:000397f0       _redirect_malloc           7103a7f0 f   loader_shared.c.obj
 0001:00039830       _redirect_malloc_requested_size 7103a830 f   loader_shared.c.obj
 0001:00039870       _redirect_realloc          7103a870 f   loader_shared.c.obj
 0001:00039930       _redirect_strdup           7103a930 f   loader_shared.c.obj
 0001:000399a0       _unload_private_library    7103a9a0 f   loader_shared.c.obj
 0001:00039a40       _d_r_snprintf              7103aa40 f   io.c.obj
 0001:00039a40       _dr_snprintf               7103aa40 f   instrument.c.obj
 0001:00039a60       _dr_snwprintf              7103aa60 f   instrument.c.obj
 0001:00039a60       _d_r_snprintf_wide         7103aa60 f   io.c.obj
 0001:00039a80       _dr_sscanf                 7103aa80 f   instrument.c.obj
 0001:00039a80       _d_r_sscanf                7103aa80 f   io.c.obj
 0001:00039aa0       _d_r_vsnprintf             7103aaa0 f   io.c.obj
 0001:0003a920       _d_r_vsnprintf_wide        7103b920 f   io.c.obj
 0001:0003b280       _d_r_vsscanf               7103c280 f   io.c.obj
 0001:0003b8e0       _double2int_trunc          7103c8e0 f   io.c.obj
 0001:0003c400       _utf16_to_utf8_size        7103d400 f   io.c.obj
 0001:0003c700       _call_to_native            7103d700 f   native_exec.c.obj
 0001:0003ca80       _interpret_back_from_native 7103da80 f   native_exec.c.obj
 0001:0003cab0       _is_native_pc              7103dab0 f   native_exec.c.obj
 0001:0003cad0       _native_exec_exit          7103dad0 f   native_exec.c.obj
 0001:0003cb00       _native_exec_init          7103db00 f   native_exec.c.obj
 0001:0003cb80       _native_exec_module_load   7103db80 f   native_exec.c.obj
 0001:0003cbb0       _native_exec_module_unload 7103dbb0 f   native_exec.c.obj
 0001:0003cbe0       _put_back_native_retaddrs  7103dbe0 f   native_exec.c.obj
 0001:0003cc20       _return_from_native        7103dc20 f   native_exec.c.obj
 0001:0003cc80       _return_to_native          7103dc80 f   native_exec.c.obj
 0001:0003ccd0       ___wrap_calloc             7103dcd0 f   instrument.c.obj
 0001:0003cce0       ___wrap_free               7103dce0 f   instrument.c.obj
 0001:0003ccf0       ___wrap_malloc             7103dcf0 f   instrument.c.obj
 0001:0003cd00       ___wrap_realloc            7103dd00 f   instrument.c.obj
 0001:0003cd10       ___wrap_strdup             7103dd10 f   instrument.c.obj
 0001:0003cfe0       _dr_abort                  7103dfe0 f   instrument.c.obj
 0001:0003d010       _dr_abort_with_code        7103e010 f   instrument.c.obj
 0001:0003d040       _dr_allow_unsafe_static_behavior 7103e040 f   instrument.c.obj
 0001:0003d050       _dr_app_arg_as_cstring     7103e050 f   instrument.c.obj
 0001:0003d0b0       _dr_app_pc_for_decoding    7103e0b0 f   instrument.c.obj
 0001:0003d0d0       _dr_app_pc_from_cache_pc   7103e0d0 f   instrument.c.obj
 0001:0003d130       _dr_app_recurlock_lock     7103e130 f   instrument.c.obj
 0001:0003d150       _dr_atomic_add32_return_sum 7103e150 f   instrument.c.obj
 0001:0003d170       _instrlist_first           7103e170 f   instrlist.c.obj
 0001:0003d170       _dr_atomic_load32          7103e170 f   instrument.c.obj
 0001:0003d180       _dr_atomic_store32         7103e180 f   instrument.c.obj
 0001:0003d190       _dr_bb_exists_at           7103e190 f   instrument.c.obj
 0001:0003d1b0       _dr_bb_hook_exists         7103e1b0 f   instrument.c.obj
 0001:0003d1c0       _dr_cleanup_after_call     7103e1c0 f   instrument.c.obj
 0001:0003d1f0       _dr_client_thread_set_suspendable 7103e1f0 f   instrument.c.obj
 0001:0003d220       _dr_clobber_retaddr_after_read 7103e220 f   instrument.c.obj
 0001:0003d280       _dr_close_file             7103e280 f   instrument.c.obj
 0001:0003d280       _destroy_event             7103e280 f   os.c.obj
 0001:0003d290       _dr_convert_handle_to_pid  7103e290 f   instrument.c.obj
 0001:0003d2a0       _dr_convert_pid_to_handle  7103e2a0 f   instrument.c.obj
 0001:0003d2b0       _dr_create_dir             7103e2b0 f   instrument.c.obj
 0001:0003d2c0       _dr_create_memory_dump     7103e2c0 f   instrument.c.obj
 0001:0003d2f0       _dr_custom_alloc           7103e2f0 f   instrument.c.obj
 0001:0003d390       _dr_custom_free            7103e390 f   instrument.c.obj
 0001:0003d440       _dr_delay_flush_region     7103e440 f   instrument.c.obj
 0001:0003d4c0       _dr_delete_dir             7103e4c0 f   instrument.c.obj
 0001:0003d4d0       _dr_delete_file            7103e4d0 f   instrument.c.obj
 0001:0003d4e0       _dr_delete_fragment        7103e4e0 f   instrument.c.obj
 0001:0003d5e0       _dr_directory_exists       7103e5e0 f   instrument.c.obj
 0001:0003d5f0       _dr_dup_file_handle        7103e5f0 f   instrument.c.obj
 0001:0003d630       _dr_enable_console_printing 7103e630 f   instrument.c.obj
 0001:0003d710       _dr_end_trace_hook_exists  7103e710 f   instrument.c.obj
 0001:0003d720       _dr_event_create           7103e720 f   instrument.c.obj
 0001:0003d730       _dr_event_destroy          7103e730 f   instrument.c.obj
 0001:0003d740       _dr_event_reset            7103e740 f   instrument.c.obj
 0001:0003d750       _dr_event_signal           7103e750 f   instrument.c.obj
 0001:0003d760       _dr_event_wait             7103e760 f   instrument.c.obj
 0001:0003d7c0       _dr_exit_hook_exists       7103e7c0 f   instrument.c.obj
 0001:0003d7d0       _dr_exit_process           7103e7d0 f   instrument.c.obj
 0001:0003d890       _dr_file_exists            7103e890 f   instrument.c.obj
 0001:0003d8a0       _dr_file_seek              7103e8a0 f   instrument.c.obj
 0001:0003d8c0       _dr_file_size              7103e8c0 f   instrument.c.obj
 0001:0003d8d0       _dr_file_tell              7103e8d0 f   instrument.c.obj
 0001:0003d8e0       _dr_flush_file             7103e8e0 f   instrument.c.obj
 0001:0003d8f0       _dr_flush_region           7103e8f0 f   instrument.c.obj
 0001:0003d910       _dr_flush_region_ex        7103e910 f   instrument.c.obj
 0001:0003d980       _dr_fprintf                7103e980 f   instrument.c.obj
 0001:0003d9a0       _dr_fragment_app_pc        7103e9a0 f   instrument.c.obj
 0001:0003d9d0       _dr_fragment_deleted_hook_exists 7103e9d0 f   instrument.c.obj
 0001:0003d9e0       _dr_fragment_exists_at     7103e9e0 f   instrument.c.obj
 0001:0003da10       _dr_fragment_size          7103ea10 f   instrument.c.obj
 0001:0003da50       _kernel32_redir_init_proc  7103ea50 f   kernel32_proc.c.obj
 0001:0003da50       _dr_get_app_PEB            7103ea50 f   instrument.c.obj
 0001:0003da60       _dr_num_app_args           7103ea60 f   instrument.c.obj
 0001:0003da60       _dr_get_app_args           7103ea60 f   instrument.c.obj
 0001:0003da70       _dr_get_application_name   7103ea70 f   instrument.c.obj
 0001:0003da80       _dr_get_client_base        7103ea80 f   instrument.c.obj
 0001:0003dac0       _dr_get_client_path        7103eac0 f   instrument.c.obj
 0001:0003db00       _dr_get_current_directory  7103eb00 f   instrument.c.obj
 0001:0003db10       _dr_get_current_drcontext  7103eb10 f   instrument.c.obj
 0001:0003db20       _dr_get_dr_segment_base    7103eb20 f   instrument.c.obj
 0001:0003db30       _dr_get_dr_thread_handle   7103eb30 f   instrument.c.obj
 0001:0003db40       _dr_get_error_code         7103eb40 f   instrument.c.obj
 0001:0003db60       _os_create_memory_file     7103eb60 f   os.c.obj
 0001:0003db60       _reg_parameter_num         7103eb60 f   opnd_shared.c.obj
 0001:0003db60       _redirect_GetCurrentProcess@0 7103eb60 f   kernel32_proc.c.obj
 0001:0003db60       _dr_get_logfile            7103eb60 f   instrument.c.obj
 0001:0003db70       _dr_get_mcontext           7103eb70 f   instrument.c.obj
 0001:0003db90       _dr_get_mcontext_priv      7103eb90 f   instrument.c.obj
 0001:0003dd20       _dr_get_microseconds       7103ed20 f   instrument.c.obj
 0001:0003dd30       _dr_get_milliseconds       7103ed30 f   instrument.c.obj
 0001:0003dd40       _dr_get_option_array       7103ed40 f   instrument.c.obj
 0001:0003dd90       _dr_get_options            7103ed90 f   instrument.c.obj
 0001:0003deb0       _dr_get_os_version         7103eeb0 f   instrument.c.obj
 0001:0003e080       _dr_get_process_id         7103f080 f   instrument.c.obj
 0001:0003e080       _dr_get_process_id_from_drcontext 7103f080 f   instrument.c.obj
 0001:0003e080       _redirect_GetCurrentProcessId@0 7103f080 f   kernel32_proc.c.obj
 0001:0003e090       _dr_get_random_seed        7103f090 f   instrument.c.obj
 0001:0003e0a0       _dr_get_random_value       7103f0a0 f   instrument.c.obj
 0001:0003e0b0       _dr_get_stats              7103f0b0 f   instrument.c.obj
 0001:0003e0c0       _dr_get_stderr_file        7103f0c0 f   instrument.c.obj
 0001:0003e0d0       _dr_get_stdin_file         7103f0d0 f   instrument.c.obj
 0001:0003e0e0       _dr_get_stdout_file        7103f0e0 f   instrument.c.obj
 0001:0003e0f0       _instr_get_isa_mode        7103f0f0 f   instr.c.obj
 0001:0003e0f0       _dr_get_stolen_reg         7103f0f0 f   instrument.c.obj
 0001:0003e0f0       _dr_remove_it_instrs       7103f0f0 f   instrument.c.obj
 0001:0003e0f0       _dr_insert_it_instrs       7103f0f0 f   instrument.c.obj
 0001:0003e0f0       _opnd_get_flags            7103f0f0 f   opnd_shared.c.obj
 0001:0003e0f0       _instrlist_get_auto_predicate 7103f0f0 f   instrlist.c.obj
 0001:0003e100       _dr_get_thread_id          7103f100 f   instrument.c.obj
 0001:0003e110       _dr_get_time               7103f110 f   instrument.c.obj
 0001:0003e130       _dr_get_tls_field          7103f130 f   instrument.c.obj
 0001:0003e140       _dr_get_token              7103f140 f   instrument.c.obj
 0001:0003e170       _dr_global_alloc           7103f170 f   instrument.c.obj
 0001:0003e180       _dr_global_free            7103f180 f   instrument.c.obj
 0001:0003e1a0       _dr_insert_call            7103f1a0 f   instrument.c.obj
 0001:0003e250       _dr_insert_call_ex         7103f250 f   instrument.c.obj
 0001:0003e2c0       _dr_insert_call_instrumentation 7103f2c0 f   instrument.c.obj
 0001:0003e430       _dr_insert_call_noreturn   7103f430 f   instrument.c.obj
 0001:0003e4a0       _dr_insert_cbr_instrumentation 7103f4a0 f   instrument.c.obj
 0001:0003e4e0       _dr_insert_cbr_instrumentation_ex 7103f4e0 f   instrument.c.obj
 0001:0003ec00       _dr_insert_clean_call      7103fc00 f   instrument.c.obj
 0001:0003ec70       _dr_insert_clean_call_ex   7103fc70 f   instrument.c.obj
 0001:0003ece0       _dr_insert_clean_call_ex_varg 7103fce0 f   instrument.c.obj
 0001:0003f150       _dr_insert_get_seg_base    71040150 f   instrument.c.obj
 0001:0003f240       _dr_insert_get_stolen_reg_value 71040240 f   instrument.c.obj
 0001:0003f240       _remove_from_all_memory_areas 71040240 f   os.c.obj
 0001:0003f240       _os_heap_systemwide_overcommit 71040240 f   os.c.obj
 0001:0003f240       _dr_insert_set_stolen_reg_value 71040240 f   instrument.c.obj
 0001:0003f240       _private_lib_handle_cb     71040240 f   loader.c.obj
 0001:0003f240       _dr_mutex_self_owns        71040240 f   instrument.c.obj
 0001:0003f240       _exit_cti_reaches_target   71040240 f   emit_utils.c.obj
 0001:0003f250       _dr_insert_mbr_instrumentation 71040250 f   instrument.c.obj
 0001:0003f590       _dr_insert_read_raw_tls    71040590 f   instrument.c.obj
 0001:0003f610       _dr_insert_read_tls_field  71040610 f   instrument.c.obj
 0001:0003f730       _dr_insert_ubr_instrumentation 71040730 f   instrument.c.obj
 0001:0003f740       _dr_insert_write_raw_tls   71040740 f   instrument.c.obj
 0001:0003f7c0       _dr_insert_write_tls_field 710407c0 f   instrument.c.obj
 0001:0003f930       _dr_is_detaching           71040930 f   instrument.c.obj
 0001:0003f940       _dr_is_notify_on           71040940 f   instrument.c.obj
 0001:0003f950       _dr_is_nudge_thread        71040950 f   instrument.c.obj
 0001:0003f960       _dr_is_thread_native       71040960 f   instrument.c.obj
 0001:0003f980       _dr_is_tracking_where_am_i 71040980 f   instrument.c.obj
 0001:0003f980       _should_track_where_am_i   71040980 f   instrument.c.obj
 0001:0003f9a0       _dr_is_wow64               710409a0 f   instrument.c.obj
 0001:0003f9b0       _dr_load_aux_library       710409b0 f   instrument.c.obj
 0001:0003fa50       _dr_load_aux_x64_library   71040a50 f   instrument.c.obj
 0001:0003fa80       _dr_lookup_aux_library_routine 71040a80 f   instrument.c.obj
 0001:0003faa0       _dr_lookup_aux_x64_library_routine 71040aa0 f   instrument.c.obj
 0001:0003fac0       _dr_map_executable_file    71040ac0 f   instrument.c.obj
 0001:0003faf0       _dr_map_file               71040af0 f   instrument.c.obj
 0001:0003fb30       _dr_mark_safe_to_suspend   71040b30 f   instrument.c.obj
 0001:0003fb50       _dr_mark_trace_head        71040b50 f   instrument.c.obj
 0001:0003fc30       _dr_max_opnd_accessible_spill_slot 71040c30 f   instrument.c.obj
 0001:0003fc50       _dr_mcontext_xmm_fields_valid 71040c50 f   instrument.c.obj
 0001:0003fc60       _dr_mcontext_zmm_fields_valid 71040c60 f   instrument.c.obj
 0001:0003fc70       _dr_memory_is_dr_internal  71040c70 f   instrument.c.obj
 0001:0003fc80       _dr_memory_is_in_client    71040c80 f   instrument.c.obj
 0001:0003fcd0       _is_readable_without_exception_query_os 71040cd0 f   os.c.obj
 0001:0003fcd0       _is_readable_without_exception_query_os_noblock 71040cd0 f   os.c.obj
 0001:0003fcd0       _dr_memory_is_readable     71040cd0 f   instrument.c.obj
 0001:0003fce0       _dr_memory_protect         71040ce0 f   instrument.c.obj
 0001:0003fd40       _dr_merge_arith_flags      71040d40 f   instrument.c.obj
 0001:0003fd70       _dr_messagebox             71040d70 f   instrument.c.obj
 0001:0003fe50       _dr_modload_hook_exists    71040e50 f   instrument.c.obj
 0001:0003fe60       _dr_mutex_create           71040e60 f   instrument.c.obj
 0001:0003fe90       _dr_mutex_destroy          71040e90 f   instrument.c.obj
 0001:0003feb0       _dr_mutex_lock             71040eb0 f   instrument.c.obj
 0001:0003ff10       _dr_mutex_mark_as_app      71040f10 f   instrument.c.obj
 0001:0003ff10       _dr_rwlock_mark_as_app     71040f10 f   instrument.c.obj
 0001:0003ff10       _dr_recurlock_mark_as_app  71040f10 f   instrument.c.obj
 0001:0003ff20       _dr_mutex_trylock          71040f20 f   instrument.c.obj
 0001:0003ff90       _dr_mutex_unlock           71040f90 f   instrument.c.obj
 0001:0003ffd0       _dr_nonheap_alloc          71040fd0 f   instrument.c.obj
 0001:0003fff0       _dr_nonheap_free           71040ff0 f   instrument.c.obj
 0001:00040010       _dr_nudge_client           71041010 f   instrument.c.obj
 0001:00040040       _dr_nudge_client_ex        71041040 f   instrument.c.obj
 0001:000400e0       _dr_open_file              710410e0 f   instrument.c.obj
 0001:00040150       _dr_page_size              71041150 f   instrument.c.obj
 0001:00040160       _dr_prepare_for_call       71041160 f   instrument.c.obj
 0001:00040180       _dr_prepopulate_cache      71041180 f   instrument.c.obj
 0001:00040260       _dr_prepopulate_indirect_targets 71041260 f   instrument.c.obj
 0001:000402d0       _dr_print_instr            710412d0 f   instrument.c.obj
 0001:00040310       _dr_print_opnd             71041310 f   instrument.c.obj
 0001:00040360       _dr_printf                 71041360 f   instrument.c.obj
 0001:00040390       _dr_query_memory           71041390 f   instrument.c.obj
 0001:000403e0       _dr_query_memory_ex        710413e0 f   instrument.c.obj
 0001:00040410       _dr_raw_mem_alloc          71041410 f   instrument.c.obj
 0001:00040430       _dr_raw_mem_free           71041430 f   instrument.c.obj
 0001:000404a0       _dr_raw_tls_calloc         710414a0 f   instrument.c.obj
 0001:000404d0       _dr_raw_tls_cfree          710414d0 f   instrument.c.obj
 0001:000404f0       _dr_raw_tls_opnd           710414f0 f   instrument.c.obj
 0001:00040530       _dr_read_file              71041530 f   instrument.c.obj
 0001:00040540       _dr_read_saved_reg         71041540 f   instrument.c.obj
 0001:00040590       _dr_recurlock_create       71041590 f   instrument.c.obj
 0001:000405d0       _dr_recurlock_destroy      710415d0 f   instrument.c.obj
 0001:000405f0       _dr_recurlock_lock         710415f0 f   instrument.c.obj
 0001:00040600       _dr_recurlock_self_owns    71041600 f   instrument.c.obj
 0001:00040610       _dr_recurlock_trylock      71041610 f   instrument.c.obj
 0001:00040620       _dr_recurlock_unlock       71041620 f   instrument.c.obj
 0001:00040630       _dr_redirect_execution     71041630 f   instrument.c.obj
 0001:00040710       _dr_redirect_native_target 71041710 f   instrument.c.obj
 0001:00040720       _dr_reg_spill_slot_opnd    71041720 f   instrument.c.obj
 0001:00040790       _dr_register_bb_event      71041790 f   instrument.c.obj
 0001:000407b0       _dr_register_delete_event  710417b0 f   instrument.c.obj
 0001:000407d0       _dr_register_end_trace_event 710417d0 f   instrument.c.obj
 0001:000407f0       _dr_register_exception_event 710417f0 f   instrument.c.obj
 0001:00040810       _dr_register_exit_event    71041810 f   instrument.c.obj
 0001:00040830       _dr_register_filter_syscall_event 71041830 f   instrument.c.obj
 0001:00040850       _dr_register_kernel_xfer_event 71041850 f   instrument.c.obj
 0001:00040870       _dr_register_low_on_memory_event 71041870 f   instrument.c.obj
 0001:00040890       _dr_register_module_load_event 71041890 f   instrument.c.obj
 0001:000408b0       _dr_register_module_unload_event 710418b0 f   instrument.c.obj
 0001:000408d0       _dr_register_nudge_event   710418d0 f   instrument.c.obj
 0001:000409c0       _dr_register_persist_patch 710419c0 f   instrument.c.obj
 0001:000409e0       _dr_register_persist_ro    710419e0 f   instrument.c.obj
 0001:00040a30       _dr_register_persist_rw    71041a30 f   instrument.c.obj
 0001:00040a80       _dr_register_persist_rx    71041a80 f   instrument.c.obj
 0001:00040ad0       _dr_register_post_syscall_event 71041ad0 f   instrument.c.obj
 0001:00040af0       _dr_register_pre_syscall_event 71041af0 f   instrument.c.obj
 0001:00040b10       _dr_register_restore_state_event 71041b10 f   instrument.c.obj
 0001:00040b30       _dr_register_restore_state_ex_event 71041b30 f   instrument.c.obj
 0001:00040b50       _dr_register_thread_exit_event 71041b50 f   instrument.c.obj
 0001:00040b70       _dr_register_thread_init_event 71041b70 f   instrument.c.obj
 0001:00040b90       _dr_register_trace_event   71041b90 f   instrument.c.obj
 0001:00040bb0       _dr_rename_file            71041bb0 f   instrument.c.obj
 0001:00040bc0       _dr_replace_fragment       71041bc0 f   instrument.c.obj
 0001:00040cd0       _dr_restore_app_stack      71041cd0 f   instrument.c.obj
 0001:00040d40       _dr_restore_arith_flags    71041d40 f   instrument.c.obj
 0001:00040d70       _dr_restore_arith_flags_from_reg 71041d70 f   instrument.c.obj
 0001:00040e40       _dr_restore_arith_flags_from_xax 71041e40 f   instrument.c.obj
 0001:00040e60       _dr_restore_reg            71041e60 f   instrument.c.obj
 0001:00040f60       _dr_resume_all_other_threads 71041f60 f   instrument.c.obj
 0001:00040ff0       _dr_retakeover_suspended_native_thread 71041ff0 f   instrument.c.obj
 0001:00041360       _dr_rwlock_create          71042360 f   instrument.c.obj
 0001:000413c0       _dr_rwlock_destroy         710423c0 f   instrument.c.obj
 0001:000413e0       _dr_rwlock_read_lock       710423e0 f   instrument.c.obj
 0001:000413f0       _dr_rwlock_read_unlock     710423f0 f   instrument.c.obj
 0001:00041400       _dr_rwlock_self_owns_write_lock 71042400 f   instrument.c.obj
 0001:00041410       _dr_rwlock_write_lock      71042410 f   instrument.c.obj
 0001:00041420       _dr_rwlock_write_trylock   71042420 f   instrument.c.obj
 0001:00041430       _dr_rwlock_write_unlock    71042430 f   instrument.c.obj
 0001:00041440       _dr_safe_read              71042440 f   instrument.c.obj
 0001:00041450       _dr_safe_write             71042450 f   instrument.c.obj
 0001:00041460       _dr_save_arith_flags       71042460 f   instrument.c.obj
 0001:00041490       _dr_save_arith_flags_to_reg 71042490 f   instrument.c.obj
 0001:00041520       _dr_save_arith_flags_to_xax 71042520 f   instrument.c.obj
 0001:00041540       _dr_save_reg               71042540 f   instrument.c.obj
 0001:00041690       _dr_set_client_name        71042690 f   instrument.c.obj
 0001:000416b0       _dr_set_client_version_string 710426b0 f   instrument.c.obj
 0001:000416d0       _dr_set_mcontext           710426d0 f   instrument.c.obj
 0001:00041770       _dr_set_process_exit_behavior 71042770 f   instrument.c.obj
 0001:000417d0       _dr_set_random_seed        710427d0 f   instrument.c.obj
 0001:000417e0       _dr_set_tls_field          710427e0 f   instrument.c.obj
 0001:00041800       _dr_sleep                  71042800 f   instrument.c.obj
 0001:00041870       _dr_standalone_exit        71042870 f   instrument.c.obj
 0001:00041880       _dr_standalone_init        71042880 f   instrument.c.obj
 0001:00041890       _dr_suspend_all_other_threads 71042890 f   instrument.c.obj
 0001:000418b0       _dr_suspend_all_other_threads_ex 710428b0 f   instrument.c.obj
 0001:000419e0       _dr_swap_to_clean_stack    710429e0 f   instrument.c.obj
 0001:00041a90       _dr_switch_to_app_state    71042a90 f   instrument.c.obj
 0001:00041ab0       _dr_switch_to_app_state_ex 71042ab0 f   instrument.c.obj
 0001:00041ad0       _dr_switch_to_dr_state     71042ad0 f   instrument.c.obj
 0001:00041af0       _dr_switch_to_dr_state_ex  71042af0 f   instrument.c.obj
 0001:00041b10       _dr_thread_alloc           71042b10 f   instrument.c.obj
 0001:00041b20       _dr_thread_exit_hook_exists 71042b20 f   instrument.c.obj
 0001:00041b30       _dr_thread_free            71042b30 f   instrument.c.obj
 0001:00041b40       _dr_thread_yield           71042b40 f   instrument.c.obj
 0001:00041ba0       _dr_trace_exists_at        71042ba0 f   instrument.c.obj
 0001:00041bf0       _dr_trace_head_at          71042bf0 f   instrument.c.obj
 0001:00041c50       _dr_trace_hook_exists      71042c50 f   instrument.c.obj
 0001:00041c60       _dr_track_where_am_i       71042c60 f   instrument.c.obj
 0001:00041c70       _dr_try_setup              71042c70 f   instrument.c.obj
 0001:00041ca0       _dr_try_stop               71042ca0 f   instrument.c.obj
 0001:00041cd0       _dr_unlink_flush_region    71042cd0 f   instrument.c.obj
 0001:00041d20       _dr_unload_aux_library     71042d20 f   instrument.c.obj
 0001:00041df0       _dr_unload_aux_x64_library 71042df0 f   instrument.c.obj
 0001:00041e20       _dr_unmap_executable_file  71042e20 f   instrument.c.obj
 0001:00041e40       _dr_unmap_file             71042e40 f   instrument.c.obj
 0001:00041ec0       _dr_unregister_bb_event    71042ec0 f   instrument.c.obj
 0001:00041ee0       _dr_unregister_delete_event 71042ee0 f   instrument.c.obj
 0001:00041f00       _dr_unregister_end_trace_event 71042f00 f   instrument.c.obj
 0001:00041f20       _dr_unregister_exception_event 71042f20 f   instrument.c.obj
 0001:00041f40       _dr_unregister_exit_event  71042f40 f   instrument.c.obj
 0001:00041f60       _dr_unregister_filter_syscall_event 71042f60 f   instrument.c.obj
 0001:00041f80       _dr_unregister_kernel_xfer_event 71042f80 f   instrument.c.obj
 0001:00041fa0       _dr_unregister_low_on_memory_event 71042fa0 f   instrument.c.obj
 0001:00041fc0       _dr_unregister_module_load_event 71042fc0 f   instrument.c.obj
 0001:00041fe0       _dr_unregister_module_unload_event 71042fe0 f   instrument.c.obj
 0001:00042000       _dr_unregister_nudge_event 71043000 f   instrument.c.obj
 0001:000420b0       _dr_unregister_persist_patch 710430b0 f   instrument.c.obj
 0001:000420d0       _dr_unregister_persist_ro  710430d0 f   instrument.c.obj
 0001:00042140       _dr_unregister_persist_rw  71043140 f   instrument.c.obj
 0001:000421b0       _dr_unregister_persist_rx  710431b0 f   instrument.c.obj
 0001:00042220       _dr_unregister_post_syscall_event 71043220 f   instrument.c.obj
 0001:00042240       _dr_unregister_pre_syscall_event 71043240 f   instrument.c.obj
[...]
      617    _instr_zeroes_zmmh
               exported name: instr_zeroes_zmmh
      618    _instrlist_append
               exported name: instrlist_append
      619    _instrlist_clear
               exported name: instrlist_clear
      620    _instrlist_clear_and_destroy
               exported name: instrlist_clear_and_destroy
      621    _instrlist_clone
               exported name: instrlist_clone
      622    _instrlist_create
               exported name: instrlist_create
      623    _instrlist_cut
               exported name: instrlist_cut
      624    _instrlist_destroy
               exported name: instrlist_destroy
      625    _instrlist_disassemble
               exported name: instrlist_disassemble
      626    _instrlist_encode
               exported name: instrlist_encode
      627    _instrlist_encode_to_copy
               exported name: instrlist_encode_to_copy
      628    _instrlist_first
               exported name: instrlist_first
      629    _instrlist_first_app
               exported name: instrlist_first_app
      630    _instrlist_first_nonlabel
               exported name: instrlist_first_nonlabel
      631    _instrlist_get_auto_predicate
               exported name: instrlist_get_auto_predicate
      632    _instrlist_get_translation_target
               exported name: instrlist_get_translation_target
      633    _instrlist_init
               exported name: instrlist_init
      634    _instrlist_insert_mov_immed_ptrsz
               exported name: instrlist_insert_mov_immed_ptrsz
      635    _instrlist_insert_mov_instr_addr
               exported name: instrlist_insert_mov_instr_addr
      636    _instrlist_insert_push_immed_ptrsz
               exported name: instrlist_insert_push_immed_ptrsz
      637    _instrlist_insert_push_instr_addr
               exported name: instrlist_insert_push_instr_addr
      638    _instrlist_last
               exported name: instrlist_last
      639    _instrlist_last_app
               exported name: instrlist_last_app
      640    _instrlist_meta_append
               exported name: instrlist_meta_append
      641    _instrlist_meta_fault_append
               exported name: instrlist_meta_fault_append
      642    _instrlist_meta_fault_postinsert
               exported name: instrlist_meta_fault_postinsert
      643    _instrlist_meta_fault_preinsert
               exported name: instrlist_meta_fault_preinsert
      644    _instrlist_meta_postinsert
               exported name: instrlist_meta_postinsert
      645    _instrlist_meta_preinsert
               exported name: instrlist_meta_preinsert
      646    _instrlist_postinsert
               exported name: instrlist_postinsert
      647    _instrlist_preinsert
               exported name: instrlist_preinsert
      648    _instrlist_prepend
               exported name: instrlist_prepend
      649    _instrlist_remove
               exported name: instrlist_remove
      650    _instrlist_replace
               exported name: instrlist_replace
      651    _instrlist_set_auto_predicate
               exported name: instrlist_set_auto_predicate
      652    _instrlist_set_fall_through_target
               exported name: instrlist_set_fall_through_target
      653    _instrlist_set_return_target
               exported name: instrlist_set_return_target
      654    _instrlist_set_translation_target
               exported name: instrlist_set_translation_target
      655    Forwarded to NTDLL.isalnum
               exported name: isalnum
      656    Forwarded to NTDLL.isalpha
               exported name: isalpha
      657    Forwarded to NTDLL.iscntrl
               exported name: iscntrl
      658    Forwarded to NTDLL.isdigit
               exported name: isdigit
      659    Forwarded to NTDLL.isgraph
               exported name: isgraph
      660    Forwarded to NTDLL.islower
               exported name: islower
      661    Forwarded to NTDLL.isprint
               exported name: isprint
      662    Forwarded to NTDLL.ispunct
               exported name: ispunct
      663    Forwarded to NTDLL.isspace
               exported name: isspace
      664    Forwarded to NTDLL.isupper
               exported name: isupper
      665    Forwarded to NTDLL.iswalpha
               exported name: iswalpha
      666    Forwarded to NTDLL.iswctype
               exported name: iswctype
      667    Forwarded to NTDLL.iswdigit
               exported name: iswdigit
      668    Forwarded to NTDLL.iswlower
               exported name: iswlower
      669    Forwarded to NTDLL.iswspace
               exported name: iswspace
      670    Forwarded to NTDLL.iswxdigit
               exported name: iswxdigit
      671    Forwarded to NTDLL.isxdigit
               exported name: isxdigit
      672    Forwarded to NTDLL.labs
               exported name: labs
      673    Forwarded to NTDLL.log
               exported name: log
      674    Forwarded to NTDLL.mbstowcs
               exported name: mbstowcs
      675    Forwarded to NTDLL.memchr
               exported name: memchr
      676    Forwarded to NTDLL.memcmp
               exported name: memcmp
      677    Forwarded to NTDLL.memcpy
               exported name: memcpy
      678    Forwarded to NTDLL.memmove
               exported name: memmove
      679    Forwarded to NTDLL.memset
               exported name: memset
      680    _opnd_add_flags
               exported name: opnd_add_flags
      681    _opnd_compute_address
               exported name: opnd_compute_address
      682    _opnd_create_abs_addr
               exported name: opnd_create_abs_addr
      683    _opnd_create_base_disp
               exported name: opnd_create_base_disp
      684    _opnd_create_base_disp_ex
               exported name: opnd_create_base_disp_ex
      685    _opnd_create_far_abs_addr
               exported name: opnd_create_far_abs_addr
      686    _opnd_create_far_base_disp
               exported name: opnd_create_far_base_disp
      687    _opnd_create_far_base_disp_ex
               exported name: opnd_create_far_base_disp_ex
      688    _opnd_create_far_instr
               exported name: opnd_create_far_instr
      689    _opnd_create_far_pc
               exported name: opnd_create_far_pc
      690    _opnd_create_immed_float
               exported name: opnd_create_immed_float
      691    _opnd_create_immed_int
               exported name: opnd_create_immed_int
      692    _opnd_create_immed_int64
               exported name: opnd_create_immed_int64
      693    _opnd_create_immed_uint
               exported name: opnd_create_immed_uint
      694    _opnd_create_instr
               exported name: opnd_create_instr
      695    _opnd_create_instr_ex
               exported name: opnd_create_instr_ex
      696    _opnd_create_mem_instr
               exported name: opnd_create_mem_instr
      697    _opnd_create_null
               exported name: opnd_create_null
      698    _opnd_create_pc
               exported name: opnd_create_pc
      699    _opnd_create_reg
               exported name: opnd_create_reg
      700    _opnd_create_reg_ex
               exported name: opnd_create_reg_ex
      701    _opnd_create_reg_partial
               exported name: opnd_create_reg_partial
      702    _opnd_defines_use
               exported name: opnd_defines_use
      703    _opnd_disassemble
               exported name: opnd_disassemble
      704    _opnd_disassemble_to_buffer
               exported name: opnd_disassemble_to_buffer
      705    _opnd_get_addr
               exported name: opnd_get_addr
      706    _opnd_get_base
               exported name: opnd_get_base
      707    _opnd_get_disp
               exported name: opnd_get_disp
      708    _opnd_get_flags
               exported name: opnd_get_flags
      709    _opnd_get_immed_float
               exported name: opnd_get_immed_float
      710    _opnd_get_immed_int
               exported name: opnd_get_immed_int
      711    _opnd_get_immed_int64
               exported name: opnd_get_immed_int64
      712    _opnd_get_index
               exported name: opnd_get_index
      713    _opnd_get_instr
               exported name: opnd_get_instr
      714    _opnd_get_mem_instr_disp
               exported name: opnd_get_mem_instr_disp
      715    _opnd_get_pc
               exported name: opnd_get_pc
      716    _opnd_get_reg
               exported name: opnd_get_reg
      717    _opnd_get_reg_used
               exported name: opnd_get_reg_used
      718    _opnd_get_scale
               exported name: opnd_get_scale
      719    _opnd_get_segment
               exported name: opnd_get_segment
      720    _opnd_get_segment_selector
               exported name: opnd_get_segment_selector
      721    _opnd_get_shift
               exported name: opnd_get_shift
      722    _opnd_get_size
               exported name: opnd_get_size
      723    _opnd_is_abs_addr
               exported name: opnd_is_abs_addr
      724    _opnd_is_base_disp
               exported name: opnd_is_base_disp
      725    _opnd_is_disp_encode_zero
               exported name: opnd_is_disp_encode_zero
      726    _opnd_is_disp_force_full
               exported name: opnd_is_disp_force_full
      727    _opnd_is_disp_short_addr
               exported name: opnd_is_disp_short_addr
      728    _opnd_is_far_abs_addr
               exported name: opnd_is_far_abs_addr
      729    _opnd_is_far_base_disp
               exported name: opnd_is_far_base_disp
      730    _opnd_is_far_instr
               exported name: opnd_is_far_instr
      731    _opnd_is_far_memory_reference
               exported name: opnd_is_far_memory_reference
      732    _opnd_is_far_pc
               exported name: opnd_is_far_pc
      733    _opnd_is_immed
               exported name: opnd_is_immed
      734    _opnd_is_immed_float
               exported name: opnd_is_immed_float
      735    _opnd_is_immed_int
               exported name: opnd_is_immed_int
      736    _opnd_is_immed_int64
               exported name: opnd_is_immed_int64
      737    _opnd_is_instr
               exported name: opnd_is_instr
      738    _opnd_is_mem_instr
               exported name: opnd_is_mem_instr
      739    _opnd_is_memory_reference
               exported name: opnd_is_memory_reference
      740    _opnd_is_near_abs_addr
               exported name: opnd_is_near_abs_addr
      741    _opnd_is_near_base_disp
               exported name: opnd_is_near_base_disp
      742    _opnd_is_near_instr
               exported name: opnd_is_near_instr
      743    _opnd_is_near_memory_reference
               exported name: opnd_is_near_memory_reference
      744    _opnd_is_near_pc
               exported name: opnd_is_near_pc
      745    _opnd_is_null
               exported name: opnd_is_null
      746    _opnd_is_pc
               exported name: opnd_is_pc
      747    _opnd_is_reg
               exported name: opnd_is_reg
      748    _opnd_is_reg_32bit
               exported name: opnd_is_reg_32bit
      749    _opnd_is_reg_64bit
               exported name: opnd_is_reg_64bit
      750    _opnd_is_reg_partial
               exported name: opnd_is_reg_partial
      751    _opnd_is_reg_pointer_sized
               exported name: opnd_is_reg_pointer_sized
      752    _opnd_is_vsib
               exported name: opnd_is_vsib
      753    _opnd_num_regs_used
               exported name: opnd_num_regs_used
      754    _opnd_replace_reg
               exported name: opnd_replace_reg
      755    _opnd_replace_reg_resize
               exported name: opnd_replace_reg_resize
      756    _opnd_same
               exported name: opnd_same
      757    _opnd_same_address
               exported name: opnd_same_address
      758    _opnd_set_disp
               exported name: opnd_set_disp
      759    _opnd_set_disp_ex
               exported name: opnd_set_disp_ex
      760    _opnd_set_flags
               exported name: opnd_set_flags
      761    _opnd_set_size
               exported name: opnd_set_size
      762    _opnd_share_reg
               exported name: opnd_share_reg
      763    _opnd_shrink_to_16_bits
               exported name: opnd_shrink_to_16_bits
      764    _opnd_size_from_bytes
               exported name: opnd_size_from_bytes
      765    _opnd_size_in_bits
               exported name: opnd_size_in_bits
      766    _opnd_size_in_bytes
               exported name: opnd_size_in_bytes
      767    _opnd_uses_reg
               exported name: opnd_uses_reg
      768    Forwarded to NTDLL.pow
               exported name: pow
      769    _proc_avx512_enabled
               exported name: proc_avx512_enabled
      770    _proc_avx_enabled
               exported name: proc_avx_enabled
      771    _proc_bump_to_end_of_cache_line
               exported name: proc_bump_to_end_of_cache_line
      772    _proc_fpstate_save_size
               exported name: proc_fpstate_save_size
      773    _proc_get_L1_dcache_size
               exported name: proc_get_L1_dcache_size
      774    _proc_get_L1_icache_size
               exported name: proc_get_L1_icache_size
      775    _proc_get_L2_cache_size
               exported name: proc_get_L2_cache_size
      776    _proc_get_all_feature_bits
               exported name: proc_get_all_feature_bits
      777    _proc_get_brand_string
               exported name: proc_get_brand_string
      778    _proc_get_cache_line_size
               exported name: proc_get_cache_line_size
      779    _proc_get_cache_size_str
               exported name: proc_get_cache_size_str
      780    _proc_get_containing_page
               exported name: proc_get_containing_page
      781    _proc_get_family
               exported name: proc_get_family
      782    _proc_get_model
               exported name: proc_get_model
      783    _proc_get_stepping
               exported name: proc_get_stepping
      784    _proc_get_type
               exported name: proc_get_type
      785    _proc_get_vendor
               exported name: proc_get_vendor
      786    _proc_has_feature
               exported name: proc_has_feature
      787    _proc_is_cache_aligned
               exported name: proc_is_cache_aligned
      788    _proc_num_opmask_registers
               exported name: proc_num_opmask_registers
      789    _proc_num_simd_registers
               exported name: proc_num_simd_registers
      790    _proc_num_simd_saved
               exported name: proc_num_simd_saved
      791    _proc_restore_fpstate
               exported name: proc_restore_fpstate
      792    _proc_save_fpstate
               exported name: proc_save_fpstate
      793    _proc_set_vendor
               exported name: proc_set_vendor
      794    Forwarded to NTDLL.qsort
               exported name: qsort
      795    _reg_32_to_16
               exported name: reg_32_to_16
      796    _reg_32_to_8
               exported name: reg_32_to_8
      797    _reg_32_to_opsz
               exported name: reg_32_to_opsz
      798    _reg_get_bits
               exported name: reg_get_bits
      799    _reg_get_size
               exported name: reg_get_size
      800    _reg_get_value
               exported name: reg_get_value
      801    _reg_get_value_ex
               exported name: reg_get_value_ex
      802    _reg_is_32bit
               exported name: reg_is_32bit
      803    _reg_is_64bit
               exported name: reg_is_64bit
      804    _reg_is_bnd
               exported name: reg_is_bnd
      805    _reg_is_fp
               exported name: reg_is_fp
      806    _reg_is_gpr
               exported name: reg_is_gpr
      807    _reg_is_mmx
               exported name: reg_is_mmx
      808    _reg_is_opmask
               exported name: reg_is_opmask
      809    _reg_is_pointer_sized
               exported name: reg_is_pointer_sized
      810    _reg_is_segment
               exported name: reg_is_segment
      811    _reg_is_simd
               exported name: reg_is_simd
      812    _reg_is_stolen
               exported name: reg_is_stolen
      813    _reg_is_strictly_xmm
               exported name: reg_is_strictly_xmm
      814    _reg_is_strictly_ymm
               exported name: reg_is_strictly_ymm
      815    _reg_is_strictly_zmm
               exported name: reg_is_strictly_zmm
      816    _reg_is_vector_simd
               exported name: reg_is_vector_simd
      817    _reg_is_xmm
               exported name: reg_is_xmm
      818    _reg_is_ymm
               exported name: reg_is_ymm
      819    _reg_overlap
               exported name: reg_overlap
      820    _reg_parameter_num
               exported name: reg_parameter_num
      821    _reg_resize_to_opsz
               exported name: reg_resize_to_opsz
      822    _reg_set_value
               exported name: reg_set_value
      823    _reg_set_value_ex
               exported name: reg_set_value_ex
      824    _reg_to_pointer_sized
               exported name: reg_to_pointer_sized
      825    Forwarded to NTDLL.sin
               exported name: sin
      826    Forwarded to NTDLL.sqrt
               exported name: sqrt
      827    Forwarded to NTDLL.strchr
               exported name: strchr
      828    Forwarded to NTDLL.strcmp
               exported name: strcmp
      829    Forwarded to NTDLL.strcspn
               exported name: strcspn
      830    Forwarded to NTDLL.strlen
               exported name: strlen
      831    Forwarded to NTDLL.strncat
               exported name: strncat
      832    Forwarded to NTDLL.strncmp
               exported name: strncmp
      833    Forwarded to NTDLL.strncpy
               exported name: strncpy
      834    Forwarded to NTDLL.strpbrk
               exported name: strpbrk
      835    Forwarded to NTDLL.strrchr
               exported name: strrchr
      836    Forwarded to NTDLL.strspn
               exported name: strspn
      837    Forwarded to NTDLL.strstr
               exported name: strstr
      838    Forwarded to NTDLL.strtol
               exported name: strtol
      839    Forwarded to NTDLL.strtoul
               exported name: strtoul
      840    Forwarded to NTDLL.tan
               exported name: tan
      841    Forwarded to NTDLL.tolower
               exported name: tolower
      842    Forwarded to NTDLL.toupper
               exported name: toupper
      843    Forwarded to NTDLL.towlower
               exported name: towlower
      844    Forwarded to NTDLL.towupper
               exported name: towupper
      845    _unique_build_number
               exported name: unique_build_number
      846    Forwarded to NTDLL.wcscat
               exported name: wcscat
      847    Forwarded to NTDLL.wcschr
               exported name: wcschr
      848    Forwarded to NTDLL.wcscmp
               exported name: wcscmp
      849    Forwarded to NTDLL.wcscpy
               exported name: wcscpy
      850    Forwarded to NTDLL.wcscspn
               exported name: wcscspn
      851    Forwarded to NTDLL.wcslen
               exported name: wcslen
      852    Forwarded to NTDLL.wcsncat
               exported name: wcsncat
      853    Forwarded to NTDLL.wcsncmp
               exported name: wcsncmp
      854    Forwarded to NTDLL.wcsncpy
               exported name: wcsncpy
      855    Forwarded to NTDLL.wcspbrk
               exported name: wcspbrk
      856    Forwarded to NTDLL.wcsrchr
               exported name: wcsrchr
      857    Forwarded to NTDLL.wcsspn
               exported name: wcsspn
      858    Forwarded to NTDLL.wcsstr
               exported name: wcsstr
      859    Forwarded to NTDLL.wcstol
               exported name: wcstol
      860    Forwarded to NTDLL.wcstombs
               exported name: wcstombs
      861    Forwarded to NTDLL.wcstoul
               exported name: wcstoul
